===== [2026-08-30 14:38:29] VARIANT t2 (t2_freeze_first_lowlr_ft_235UALL_power_delta_np) START =====
>>> [2026-08-30 14:38:29] STAGE t2-01 01_preprocess.py START
============================================================
数据预处理（配置驱动，通用数据源）
============================================================
[1] 读取通用 CSV 数据 (source=csv): F:\computer_science\machine_learning_fission_yield\data/235UALL.csv
    样本数: 4127, 列名: ['Z_norm', 'A_norm', 'E_norm', 'Yield', 'Error']

[2] 复用预训练 scalers (reuse_scalers_from=t_gef_isomer_delta_np) ...
    已载入预训练 scalers: ['standard_Z', 'standard_A', 'delta_np', 'Yield_power', 'standard_E']

[3] 计算 delta_np 特征 ...
    delta_np 范围: [0.083333, 1.918919]

[4] 构建特征 X 与目标 y ...
    特征顺序: ['Z_norm', 'A_norm', 'E_norm', 'delta_np'], 维度: 4
    目标空间: raw, 幂次 p: 0.25, scaler key: Yield_power
    归一化目标范围: [-0.776037, 3.790767]

[5] 划分训练/验证集 ...
    held_out: train=3508, val=619 (val_from_first_n=3096, ratio=0.2, seed=42)
C:\Users\86138\.conda\envs\fpy_kan\Lib\site-packages\sklearn\base.py:463: InconsistentVersionWarning: Trying to unpickle estimator MinMaxScaler from version 1.6.1 when using version 1.8.0. This might lead to breaking code or invalid results. Use at your own risk. For more info please refer to:
https://scikit-learn.org/stable/model_persistence.html#security-maintainability-limitations
  warnings.warn(

[6] 保存预处理数据 ...
    已保存: F:\computer_science\machine_learning_fission_yield\pipeline\output\t2_freeze_first_lowlr_ft_235UALL_power_delta_np\data\preprocessed_t2_freeze_first_lowlr_ft_235UALL_power_delta_np.pkl

============================================================
预处理完成！摘要信息
============================================================
变体名    : t2_freeze_first_lowlr_ft_235UALL_power_delta_np
数据源    : csv (复用 t_gef_isomer_delta_np 的 scalers)
样本数    : 4127 (train=3508, val=619)
特征维度  : 4 (['Z_norm', 'A_norm', 'E_norm', 'delta_np'])
目标空间  : raw (p=0.25, key=Yield_power)
输出文件  : F:\computer_science\machine_learning_fission_yield\pipeline\output\t2_freeze_first_lowlr_ft_235UALL_power_delta_np\data\preprocessed_t2_freeze_first_lowlr_ft_235UALL_power_delta_np.pkl
============================================================
>>> [2026-08-30 14:38:33] STAGE t2-01 01_preprocess.py EXIT=0
>>> [2026-08-30 14:38:33] STAGE t2-02 02_train.py START
============================================================
KAN 模型训练（配置驱动，支持续训/网格细化/LBFGS）
============================================================
[1] 加载预处理数据: F:\computer_science\machine_learning_fission_yield\pipeline\output\t2_freeze_first_lowlr_ft_235UALL_power_delta_np\data\preprocessed_t2_freeze_first_lowlr_ft_235UALL_power_delta_np.pkl
    样本数: 3508, 特征维度: 4
    特征: ['Z_norm', 'A_norm', 'E_norm', 'delta_np']
[2] 构建 KAN 模型: width=[[4, 0], [12, 0], [12, 0], [10, 0], [1, 0]] (grid=15, k=3)
    参数量: 9,348, 设备: cpu

[2b] 从预训练权重初始化 (init_from=t_gef_isomer_delta_np) ...
    已载入预训练模型: F:\computer_science\machine_learning_fission_yield\pipeline\output\t_gef_isomer_delta_np\models\kan_best_t_gef_isomer_delta_np.pth (grid=15, 参数量 9,348)
    冻结参数组: 5（匹配子串 ['act_fun.0']）；可训练参数: 13
C:\Users\86138\AppData\Roaming\Python\Python312\site-packages\torch\optim\lr_scheduler.py:62: UserWarning: The verbose parameter is deprecated. Please use get_last_lr() to access the learning rate.
  warnings.warn(
[3] 优化器: AdamW, 调度器: CosineHoldAtMin, 损失: MSELoss
    验证集: 619 样本（held-out，用于 val_loss 监控）

[4] 开始训练（共 2000 轮，batch=512，早停 patience=300, min_delta=5e-06, monitor=val_loss）；续训关闭
    Epoch    1/2000 | loss: 6.2432e-02 | val_loss: 4.4158e-02 | lr: 5.00e-04 | grid: 15 | 早停计数: 0/300
    Epoch   20/2000 | loss: 3.0378e-02 | val_loss: 3.0554e-02 | lr: 4.97e-04 | grid: 15 | 早停计数: 0/300
    Epoch   40/2000 | loss: 2.4642e-02 | val_loss: 2.6598e-02 | lr: 4.88e-04 | grid: 15 | 早停计数: 0/300
    Epoch   60/2000 | loss: 2.1919e-02 | val_loss: 2.5456e-02 | lr: 4.73e-04 | grid: 15 | 早停计数: 1/300
    Epoch   80/2000 | loss: 1.9697e-02 | val_loss: 2.4809e-02 | lr: 4.53e-04 | grid: 15 | 早停计数: 2/300
    Epoch  100/2000 | loss: 1.8207e-02 | val_loss: 2.4553e-02 | lr: 4.28e-04 | grid: 15 | 早停计数: 1/300
    Epoch  120/2000 | loss: 1.6913e-02 | val_loss: 2.4717e-02 | lr: 3.99e-04 | grid: 15 | 早停计数: 21/300
    Epoch  140/2000 | loss: 1.5931e-02 | val_loss: 2.4810e-02 | lr: 3.66e-04 | grid: 15 | 早停计数: 41/300
    Epoch  160/2000 | loss: 1.5044e-02 | val_loss: 2.5121e-02 | lr: 3.31e-04 | grid: 15 | 早停计数: 61/300
    Epoch  180/2000 | loss: 1.4321e-02 | val_loss: 2.5537e-02 | lr: 2.93e-04 | grid: 15 | 早停计数: 81/300
    Epoch  200/2000 | loss: 1.3859e-02 | val_loss: 2.5880e-02 | lr: 2.55e-04 | grid: 15 | 早停计数: 101/300
    Epoch  220/2000 | loss: 1.3432e-02 | val_loss: 2.6335e-02 | lr: 2.17e-04 | grid: 15 | 早停计数: 121/300
    Epoch  240/2000 | loss: 1.3082e-02 | val_loss: 2.6660e-02 | lr: 1.79e-04 | grid: 15 | 早停计数: 141/300
    Epoch  260/2000 | loss: 1.2959e-02 | val_loss: 2.6952e-02 | lr: 1.44e-04 | grid: 15 | 早停计数: 161/300
    Epoch  280/2000 | loss: 1.2637e-02 | val_loss: 2.7188e-02 | lr: 1.11e-04 | grid: 15 | 早停计数: 181/300
    Epoch  300/2000 | loss: 1.2473e-02 | val_loss: 2.7309e-02 | lr: 8.18e-05 | grid: 15 | 早停计数: 201/300
    Epoch  320/2000 | loss: 1.2393e-02 | val_loss: 2.7470e-02 | lr: 5.68e-05 | grid: 15 | 早停计数: 221/300
    Epoch  340/2000 | loss: 1.2325e-02 | val_loss: 2.7543e-02 | lr: 3.67e-05 | grid: 15 | 早停计数: 241/300
    Epoch  360/2000 | loss: 1.2337e-02 | val_loss: 2.7585e-02 | lr: 2.20e-05 | grid: 15 | 早停计数: 261/300
    Epoch  380/2000 | loss: 1.2292e-02 | val_loss: 2.7621e-02 | lr: 1.30e-05 | grid: 15 | 早停计数: 281/300

  ⏹ 早停触发：连续 300 轮损失未改善（最佳 @ epoch 99）

    训练完成：最佳损失 2.4554e-02（adam epoch/step 99），用时 1017.4s

============================================================
训练完成！摘要信息
============================================================
变体名    : t2_freeze_first_lowlr_ft_235UALL_power_delta_np
最终 grid : 15
最终 loss  : 1.2439e-02
最佳 loss  : 2.4554e-02 (adam epoch/step 99)
best 模型  : F:\computer_science\machine_learning_fission_yield\pipeline\output\t2_freeze_first_lowlr_ft_235UALL_power_delta_np\models\kan_best_t2_freeze_first_lowlr_ft_235UALL_power_delta_np.pth
latest 模型: F:\computer_science\machine_learning_fission_yield\pipeline\output\t2_freeze_first_lowlr_ft_235UALL_power_delta_np\models\kan_latest_t2_freeze_first_lowlr_ft_235UALL_power_delta_np.pth
resume 点 : F:\computer_science\machine_learning_fission_yield\pipeline\output\t2_freeze_first_lowlr_ft_235UALL_power_delta_np\models\kan_resume_t2_freeze_first_lowlr_ft_235UALL_power_delta_np.pth（可设 train.resume=true 续训）
final 模型 : F:\computer_science\machine_learning_fission_yield\pipeline\output\t2_freeze_first_lowlr_ft_235UALL_power_delta_np\models\kan_final_t2_freeze_first_lowlr_ft_235UALL_power_delta_np.pth
============================================================
>>> [2026-08-30 14:55:35] STAGE t2-02 02_train.py EXIT=0
>>> [2026-08-30 14:55:35] STAGE t2-03 03_evaluate.py START
============================================================
KAN 模型评估（配置驱动）
============================================================
[1] 加载预处理数据: F:\computer_science\machine_learning_fission_yield\pipeline\output\t2_freeze_first_lowlr_ft_235UALL_power_delta_np\data\preprocessed_t2_freeze_first_lowlr_ft_235UALL_power_delta_np.pkl
[2] 加载模型: F:\computer_science\machine_learning_fission_yield\pipeline\output\t2_freeze_first_lowlr_ft_235UALL_power_delta_np\models\kan_best_t2_freeze_first_lowlr_ft_235UALL_power_delta_np.pth
    架构: KAN[12, 12, 10] (grid=15, k=3)
    参数量: 9,348, 设备: cpu
[3] 评估集: val (held-out), 样本数 619
    目标空间: raw，负值裁剪阈值: 0.0
findfont: Font family 'Helvetica' not found.
findfont: Font family 'Helvetica' not found.
findfont: Font family 'Helvetica' not found.
findfont: Font family 'Helvetica' not found.
findfont: Font family 'Helvetica' not found.
findfont: Font family 'Helvetica' not found.
findfont: Font family 'Helvetica' not found.
findfont: Font family 'Helvetica' not found.
findfont: Font family 'Helvetica' not found.
findfont: Font family 'Helvetica' not found.
findfont: Font family 'Helvetica' not found.
findfont: Font family 'Helvetica' not found.
findfont: Font family 'Helvetica' not found.
findfont: Font family 'Helvetica' not found.
findfont: Font family 'Helvetica' not found.
findfont: Font family 'Helvetica' not found.
findfont: Font family 'Helvetica' not found.
findfont: Font family 'Helvetica' not found.
findfont: Font family 'Helvetica' not found.
findfont: Font family 'Helvetica' not found.
findfont: Font family 'Helvetica' not found.
findfont: Font family 'Helvetica' not found.
findfont: Font family 'Helvetica' not found.
findfont: Font family 'Helvetica' not found.
findfont: Font family 'Helvetica' not found.
findfont: Font family 'Helvetica' not found.
findfont: Font family 'Helvetica' not found.
findfont: Font family 'Helvetica' not found.
findfont: Font family 'Helvetica' not found.
findfont: Font family 'Helvetica' not found.
findfont: Font family 'Helvetica' not found.
findfont: Font family 'Helvetica' not found.
findfont: Font family 'Helvetica' not found.
findfont: Font family 'Helvetica' not found.
findfont: Font family 'Helvetica' not found.
findfont: Font family 'Helvetica' not found.
findfont: Font family 'Helvetica' not found.
findfont: Font family 'Helvetica' not found.
findfont: Font family 'Helvetica' not found.
findfont: Font family 'Helvetica' not found.
findfont: Font family 'Helvetica' not found.
findfont: Font family 'Helvetica' not found.
findfont: Font family 'Helvetica' not found.
findfont: Font family 'Helvetica' not found.
findfont: Font family 'Helvetica' not found.
findfont: Font family 'Helvetica' not found.
findfont: Font family 'Helvetica' not found.
findfont: Font family 'Helvetica' not found.
findfont: Font family 'Helvetica' not found.
findfont: Font family 'Helvetica' not found.
findfont: Font family 'Helvetica' not found.
findfont: Font family 'Helvetica' not found.
findfont: Font family 'Helvetica' not found.
findfont: Font family 'Helvetica' not found.
findfont: Font family 'Helvetica' not found.
findfont: Font family 'Helvetica' not found.
findfont: Font family 'Helvetica' not found.
findfont: Font family 'Helvetica' not found.
findfont: Font family 'Helvetica' not found.
findfont: Font family 'Helvetica' not found.
findfont: Font family 'Helvetica' not found.
findfont: Font family 'Helvetica' not found.
findfont: Font family 'Helvetica' not found.
findfont: Font family 'Helvetica' not found.
findfont: Font family 'Helvetica' not found.
findfont: Font family 'Helvetica' not found.
findfont: Font family 'Helvetica' not found.
findfont: Font family 'Helvetica' not found.
findfont: Font family 'Helvetica' not found.
findfont: Font family 'Helvetica' not found.
findfont: Font family 'Helvetica' not found.
findfont: Font family 'Helvetica' not found.
findfont: Font family 'Helvetica' not found.
findfont: Font family 'Helvetica' not found.
findfont: Font family 'Helvetica' not found.
findfont: Font family 'Helvetica' not found.
findfont: Font family 'Helvetica' not found.
findfont: Font family 'Helvetica' not found.
findfont: Font family 'Helvetica' not found.
findfont: Font family 'Helvetica' not found.
findfont: Font family 'Helvetica' not found.
findfont: Font family 'Helvetica' not found.
findfont: Font family 'Helvetica' not found.
findfont: Font family 'Helvetica' not found.
findfont: Font family 'Helvetica' not found.
findfont: Font family 'Helvetica' not found.
findfont: Font family 'Helvetica' not found.
findfont: Font family 'Helvetica' not found.
findfont: Font family 'Helvetica' not found.
findfont: Font family 'Helvetica' not found.
findfont: Font family 'Helvetica' not found.
findfont: Font family 'Helvetica' not found.
findfont: Font family 'Helvetica' not found.
findfont: Font family 'Helvetica' not found.
findfont: Font family 'Helvetica' not found.
findfont: Font family 'Helvetica' not found.
findfont: Font family 'Helvetica' not found.
findfont: Font family 'Helvetica' not found.
findfont: Font family 'Helvetica' not found.
findfont: Font family 'Helvetica' not found.
findfont: Font family 'Helvetica' not found.
findfont: Font family 'Helvetica' not found.
findfont: Font family 'Helvetica' not found.
findfont: Font family 'Helvetica' not found.
findfont: Font family 'Helvetica' not found.
findfont: Font family 'Helvetica' not found.
findfont: Font family 'Helvetica' not found.
findfont: Font family 'Helvetica' not found.
findfont: Font family 'Helvetica' not found.
findfont: Font family 'Helvetica' not found.
findfont: Font family 'Helvetica' not found.
findfont: Font family 'Helvetica' not found.
findfont: Font family 'Helvetica' not found.
findfont: Font family 'Helvetica' not found.
findfont: Font family 'Helvetica' not found.
findfont: Font family 'Helvetica' not found.
findfont: Font family 'Helvetica' not found.
findfont: Font family 'Helvetica' not found.
findfont: Font family 'Helvetica' not found.
findfont: Font family 'Helvetica' not found.
findfont: Font family 'Helvetica' not found.
findfont: Font family 'Helvetica' not found.
findfont: Font family 'Helvetica' not found.
findfont: Font family 'Helvetica' not found.
findfont: Font family 'Helvetica' not found.
findfont: Font family 'Helvetica' not found.
findfont: Font family 'Helvetica' not found.
findfont: Font family 'Helvetica' not found.
findfont: Font family 'Helvetica' not found.
findfont: Font family 'Helvetica' not found.
findfont: Font family 'Helvetica' not found.
findfont: Font family 'Helvetica' not found.
findfont: Font family 'Helvetica' not found.
findfont: Font family 'Helvetica' not found.
findfont: Font family 'Helvetica' not found.
findfont: Font family 'Helvetica' not found.
findfont: Font family 'Helvetica' not found.
findfont: Font family 'Helvetica' not found.
findfont: Font family 'Helvetica' not found.
findfont: Font family 'Helvetica' not found.
findfont: Font family 'Helvetica' not found.
findfont: Font family 'Helvetica' not found.
findfont: Font family 'Helvetica' not found.
findfont: Font family 'Helvetica' not found.
findfont: Font family 'Helvetica' not found.
findfont: Font family 'Helvetica' not found.
findfont: Font family 'Helvetica' not found.
findfont: Font family 'Helvetica' not found.
findfont: Font family 'Helvetica' not found.
findfont: Font family 'Helvetica' not found.
findfont: Font family 'Helvetica' not found.
findfont: Font family 'Helvetica' not found.
findfont: Font family 'Helvetica' not found.
findfont: Font family 'Helvetica' not found.
findfont: Font family 'Helvetica' not found.
findfont: Font family 'Helvetica' not found.
findfont: Font family 'Helvetica' not found.
findfont: Font family 'Helvetica' not found.
findfont: Font family 'Helvetica' not found.
findfont: Font family 'Helvetica' not found.
findfont: Font family 'Helvetica' not found.
findfont: Font family 'Helvetica' not found.
findfont: Font family 'Helvetica' not found.
findfont: Font family 'Helvetica' not found.
findfont: Font family 'Helvetica' not found.
findfont: Font family 'Helvetica' not found.
findfont: Font family 'Helvetica' not found.
findfont: Font family 'Helvetica' not found.
findfont: Font family 'Helvetica' not found.
findfont: Font family 'Helvetica' not found.
findfont: Font family 'Helvetica' not found.
findfont: Font family 'Helvetica' not found.
findfont: Font family 'Helvetica' not found.
findfont: Font family 'Helvetica' not found.
findfont: Font family 'Helvetica' not found.
findfont: Font family 'Helvetica' not found.
findfont: Font family 'Helvetica' not found.
findfont: Font family 'Helvetica' not found.
findfont: Font family 'Helvetica' not found.
findfont: Font family 'Helvetica' not found.
findfont: Font family 'Helvetica' not found.
findfont: Font family 'Helvetica' not found.
findfont: Font family 'Helvetica' not found.
findfont: Font family 'Helvetica' not found.
findfont: Font family 'Helvetica' not found.
findfont: Font family 'Helvetica' not found.
findfont: Font family 'Helvetica' not found.
findfont: Font family 'Helvetica' not found.
findfont: Font family 'Helvetica' not found.
findfont: Font family 'Helvetica' not found.
findfont: Font family 'Helvetica' not found.
findfont: Font family 'Helvetica' not found.
findfont: Font family 'Helvetica' not found.
findfont: Font family 'Helvetica' not found.
findfont: Font family 'Helvetica' not found.
findfont: Font family 'Helvetica' not found.
findfont: Font family 'Helvetica' not found.
findfont: Font family 'Helvetica' not found.
findfont: Font family 'Helvetica' not found.
findfont: Font family 'Helvetica' not found.
findfont: Font family 'Helvetica' not found.
findfont: Font family 'Helvetica' not found.
findfont: Font family 'Helvetica' not found.
findfont: Font family 'Helvetica' not found.
findfont: Font family 'Helvetica' not found.
findfont: Font family 'Helvetica' not found.
findfont: Font family 'Helvetica' not found.
findfont: Font family 'Helvetica' not found.
findfont: Font family 'Helvetica' not found.
findfont: Font family 'Helvetica' not found.
findfont: Font family 'Helvetica' not found.
findfont: Font family 'Helvetica' not found.
findfont: Font family 'Helvetica' not found.
findfont: Font family 'Helvetica' not found.
findfont: Font family 'Helvetica' not found.
findfont: Font family 'Helvetica' not found.
findfont: Font family 'Helvetica' not found.
findfont: Font family 'Helvetica' not found.
findfont: Font family 'Helvetica' not found.
findfont: Font family 'Helvetica' not found.
findfont: Font family 'Helvetica' not found.
findfont: Font family 'Helvetica' not found.
findfont: Font family 'Helvetica' not found.
findfont: Font family 'Helvetica' not found.
findfont: Font family 'Helvetica' not found.
findfont: Font family 'Helvetica' not found.
findfont: Font family 'Helvetica' not found.
findfont: Font family 'Helvetica' not found.
findfont: Font family 'Helvetica' not found.
findfont: Font family 'Helvetica' not found.
findfont: Font family 'Helvetica' not found.
findfont: Font family 'Helvetica' not found.
findfont: Font family 'Helvetica' not found.
findfont: Font family 'Helvetica' not found.
findfont: Font family 'Helvetica' not found.
findfont: Font family 'Helvetica' not found.
findfont: Font family 'Helvetica' not found.
findfont: Font family 'Helvetica' not found.
findfont: Font family 'Helvetica' not found.
findfont: Font family 'Helvetica' not found.
findfont: Font family 'Helvetica' not found.
findfont: Font family 'Helvetica' not found.
findfont: Font family 'Helvetica' not found.
findfont: Font family 'Helvetica' not found.
findfont: Font family 'Helvetica' not found.
findfont: Font family 'Helvetica' not found.
findfont: Font family 'Helvetica' not found.
findfont: Font family 'Helvetica' not found.
findfont: Font family 'Helvetica' not found.
findfont: Font family 'Helvetica' not found.
findfont: Font family 'Helvetica' not found.
findfont: Font family 'Helvetica' not found.
findfont: Font family 'Helvetica' not found.
findfont: Font family 'Helvetica' not found.
findfont: Font family 'Helvetica' not found.
findfont: Font family 'Helvetica' not found.
findfont: Font family 'Helvetica' not found.
findfont: Font family 'Helvetica' not found.
findfont: Font family 'Helvetica' not found.
findfont: Font family 'Helvetica' not found.
findfont: Font family 'Helvetica' not found.
findfont: Font family 'Helvetica' not found.
findfont: Font family 'Helvetica' not found.
findfont: Font family 'Helvetica' not found.
findfont: Font family 'Helvetica' not found.
findfont: Font family 'Helvetica' not found.
findfont: Font family 'Helvetica' not found.
findfont: Font family 'Helvetica' not found.
findfont: Font family 'Helvetica' not found.
findfont: Font family 'Helvetica' not found.
findfont: Font family 'Helvetica' not found.
findfont: Font family 'Helvetica' not found.
findfont: Font family 'Helvetica' not found.
findfont: Font family 'Helvetica' not found.
findfont: Font family 'Helvetica' not found.
findfont: Font family 'Helvetica' not found.
findfont: Font family 'Helvetica' not found.
findfont: Font family 'Helvetica' not found.
findfont: Font family 'Helvetica' not found.
findfont: Font family 'Helvetica' not found.
findfont: Font family 'Helvetica' not found.
findfont: Font family 'Helvetica' not found.
findfont: Font family 'Helvetica' not found.
findfont: Font family 'Helvetica' not found.
findfont: Font family 'Helvetica' not found.
findfont: Font family 'Helvetica' not found.
findfont: Font family 'Helvetica' not found.
findfont: Font family 'Helvetica' not found.
findfont: Font family 'Helvetica' not found.
findfont: Font family 'Helvetica' not found.
findfont: Font family 'Helvetica' not found.
findfont: Font family 'Helvetica' not found.
findfont: Font family 'Helvetica' not found.
findfont: Font family 'Helvetica' not found.
findfont: Font family 'Helvetica' not found.
findfont: Font family 'Helvetica' not found.
findfont: Font family 'Helvetica' not found.
findfont: Font family 'Helvetica' not found.
findfont: Font family 'Helvetica' not found.
findfont: Font family 'Helvetica' not found.
findfont: Font family 'Helvetica' not found.
findfont: Font family 'Helvetica' not found.
findfont: Font family 'Helvetica' not found.
findfont: Font family 'Helvetica' not found.
findfont: Font family 'Helvetica' not found.
findfont: Font family 'Helvetica' not found.
findfont: Font family 'Helvetica' not found.
findfont: Font family 'Helvetica' not found.
findfont: Font family 'Helvetica' not found.
findfont: Font family 'Helvetica' not found.
findfont: Font family 'Helvetica' not found.
findfont: Font family 'Helvetica' not found.
findfont: Font family 'Helvetica' not found.
findfont: Font family 'Helvetica' not found.
findfont: Font family 'Helvetica' not found.
findfont: Font family 'Helvetica' not found.
findfont: Font family 'Helvetica' not found.
findfont: Font family 'Helvetica' not found.
findfont: Font family 'Helvetica' not found.
findfont: Font family 'Helvetica' not found.
findfont: Font family 'Helvetica' not found.
findfont: Font family 'Helvetica' not found.
findfont: Font family 'Helvetica' not found.
findfont: Font family 'Helvetica' not found.
findfont: Font family 'Helvetica' not found.
findfont: Font family 'Helvetica' not found.
findfont: Font family 'Helvetica' not found.
findfont: Font family 'Helvetica' not found.
findfont: Font family 'Helvetica' not found.
findfont: Font family 'Helvetica' not found.
findfont: Font family 'Helvetica' not found.
findfont: Font family 'Helvetica' not found.
findfont: Font family 'Helvetica' not found.
findfont: Font family 'Helvetica' not found.
findfont: Font family 'Helvetica' not found.
findfont: Font family 'Helvetica' not found.
findfont: Font family 'Helvetica' not found.
findfont: Font family 'Helvetica' not found.
findfont: Font family 'Helvetica' not found.
findfont: Font family 'Helvetica' not found.
findfont: Font family 'Helvetica' not found.
findfont: Font family 'Helvetica' not found.
findfont: Font family 'Helvetica' not found.
findfont: Font family 'Helvetica' not found.
findfont: Font family 'Helvetica' not found.
findfont: Font family 'Helvetica' not found.
findfont: Font family 'Helvetica' not found.
findfont: Font family 'Helvetica' not found.
findfont: Font family 'Helvetica' not found.
findfont: Font family 'Helvetica' not found.
[4] 指标 -> 归一化空间 R²=0.9780, MSE=2.455e-02
    原始空间 R²=0.9692, RMSE=1.924e-02, MAE=5.936e-03
    高产额区(阈值>2.90e-03) R²=0.9554, RMSE=3.843e-02
[5] 已保存评估图: F:\computer_science\machine_learning_fission_yield\pipeline\output\t2_freeze_first_lowlr_ft_235UALL_power_delta_np\results\eval_t2_freeze_first_lowlr_ft_235UALL_power_delta_np_val_held-out.png
[6] 重要区[3096,4127) R²=0.9652, RMSE=3.925e-02, MAE=1.694e-02 (in-sample)；零样本R²=0.8766，微调增益=+0.0886
[7] 零样本预训练基(t_gef_isomer_delta_np) 评估集R²=0.9027, RMSE=3.421e-02
[8] 已保存评估报告: F:\computer_science\machine_learning_fission_yield\pipeline\output\t2_freeze_first_lowlr_ft_235UALL_power_delta_np\results\eval_report_t2_freeze_first_lowlr_ft_235UALL_power_delta_np.json

============================================================
评估完成！摘要信息
============================================================
变体名        : t2_freeze_first_lowlr_ft_235UALL_power_delta_np
评估集        : val (held-out)
归一化空间 R²  : 0.9780 (MSE=2.455e-02)
原始空间 R²    : 0.9692 (RMSE=1.924e-02, MAE=5.936e-03)
高产额区 R²    : 0.9554 (阈值>2.90e-03)
重要区 R²      : 0.9652 (in-sample)；零样本R²=0.8766, 微调增益=+0.0886
零样本预训练 R²: 0.9027 (对照)
评估图        : F:\computer_science\machine_learning_fission_yield\pipeline\output\t2_freeze_first_lowlr_ft_235UALL_power_delta_np\results\eval_t2_freeze_first_lowlr_ft_235UALL_power_delta_np_val_held-out.png
报告          : F:\computer_science\machine_learning_fission_yield\pipeline\output\t2_freeze_first_lowlr_ft_235UALL_power_delta_np\results\eval_report_t2_freeze_first_lowlr_ft_235UALL_power_delta_np.json
============================================================
>>> [2026-08-30 14:55:43] STAGE t2-03 03_evaluate.py EXIT=0
>>> [2026-08-30 14:55:43] STAGE t2-04 04_energy_dep.py START
============================================================
裂变产额能量依赖性分析（配置驱动）
============================================================
[1] 加载模型: F:\computer_science\machine_learning_fission_yield\pipeline\output\t2_freeze_first_lowlr_ft_235UALL_power_delta_np\models\kan_best_t2_freeze_first_lowlr_ft_235UALL_power_delta_np.pth
    架构: KAN[12, 12, 10] (grid=15, k=3)
    特征: ['Z_norm', 'A_norm', 'E_norm', 'delta_np'], 使用delta_np=True, 目标空间=raw
[2] 加载基准核素表: F:\computer_science\machine_learning_fission_yield\data/235UALL.csv
    核素数: 1032（与外部 04g/04i 的 iloc[:1032] 一致）
C:\Users\86138\.conda\envs\fpy_kan\Lib\site-packages\sklearn\base.py:463: InconsistentVersionWarning: Trying to unpickle estimator MinMaxScaler from version 1.6.1 when using version 1.8.0. This might lead to breaking code or invalid results. Use at your own risk. For more info please refer to:
https://scikit-learn.org/stable/model_persistence.html#security-maintainability-limitations
  warnings.warn(
[3] 物理 Z 范围: [23, 71], A 范围: [66, 172]
[4] 预计算 delta_np（mode=discrete）: 范围 [0.083, 1.919]
C:\Users\86138\.conda\envs\fpy_kan\Lib\site-packages\sklearn\base.py:463: InconsistentVersionWarning: Trying to unpickle estimator MinMaxScaler from version 1.6.1 when using version 1.8.0. This might lead to breaking code or invalid results. Use at your own risk. For more info please refer to:
https://scikit-learn.org/stable/model_persistence.html#security-maintainability-limitations
  warnings.warn(
C:\Users\86138\.conda\envs\fpy_kan\Lib\site-packages\sklearn\utils\validation.py:2691: UserWarning: X does not have valid feature names, but MinMaxScaler was fitted with feature names
  warnings.warn(
[5] 激发能网格: 0~14 MeV, 步长 1.0, 共 15 点
[6] 预测输入构建完成: 15480 行 (1032核素 × 15能量点), 4 维
[7] 预测完成。原始空间产额范围: [0.00e+00, 9.66e-01]
findfont: Font family 'Helvetica' not found.
findfont: Font family 'Helvetica' not found.
findfont: Font family 'Helvetica' not found.
findfont: Font family 'Helvetica' not found.
findfont: Font family 'Helvetica' not found.
findfont: Font family 'Helvetica' not found.
findfont: Font family 'Helvetica' not found.
findfont: Font family 'Helvetica' not found.
findfont: Font family 'Helvetica' not found.
findfont: Font family 'Helvetica' not found.
findfont: Font family 'Helvetica' not found.
findfont: Font family 'Helvetica' not found.
findfont: Font family 'Helvetica' not found.
findfont: Font family 'Helvetica' not found.
findfont: Font family 'Helvetica' not found.
findfont: Font family 'Helvetica' not found.
findfont: Font family 'Helvetica' not found.
findfont: Font family 'Helvetica' not found.
findfont: Font family 'Helvetica' not found.
findfont: Font family 'Helvetica' not found.
findfont: Font family 'Helvetica' not found.
findfont: Font family 'Helvetica' not found.
findfont: Font family 'Helvetica' not found.
findfont: Font family 'Helvetica' not found.
findfont: Font family 'Helvetica' not found.
findfont: Font family 'Helvetica' not found.
findfont: Font family 'Helvetica' not found.
findfont: Font family 'Helvetica' not found.
findfont: Font family 'Helvetica' not found.
findfont: Font family 'Helvetica' not found.
findfont: Font family 'Helvetica' not found.
findfont: Font family 'Helvetica' not found.
findfont: Font family 'Helvetica' not found.
findfont: Font family 'Helvetica' not found.
findfont: Font family 'Helvetica' not found.
findfont: Font family 'Helvetica' not found.
findfont: Font family 'Helvetica' not found.
findfont: Font family 'Helvetica' not found.
findfont: Font family 'Helvetica' not found.
findfont: Font family 'Helvetica' not found.
findfont: Font family 'Helvetica' not found.
findfont: Font family 'Helvetica' not found.
findfont: Font family 'Helvetica' not found.
findfont: Font family 'Helvetica' not found.
findfont: Font family 'Helvetica' not found.
findfont: Font family 'Helvetica' not found.
findfont: Font family 'Helvetica' not found.
findfont: Font family 'Helvetica' not found.
findfont: Font family 'Helvetica' not found.
findfont: Font family 'Helvetica' not found.
findfont: Font family 'Helvetica' not found.
findfont: Font family 'Helvetica' not found.
findfont: Font family 'Helvetica' not found.
findfont: Font family 'Helvetica' not found.
findfont: Font family 'Helvetica' not found.
findfont: Font family 'Helvetica' not found.
findfont: Font family 'Helvetica' not found.
findfont: Font family 'Helvetica' not found.
findfont: Font family 'Helvetica' not found.
findfont: Font family 'Helvetica' not found.
findfont: Font family 'Helvetica' not found.
findfont: Font family 'Helvetica' not found.
findfont: Font family 'Helvetica' not found.
findfont: Font family 'Helvetica' not found.
findfont: Font family 'Helvetica' not found.
findfont: Font family 'Helvetica' not found.
findfont: Font family 'Helvetica' not found.
findfont: Font family 'Helvetica' not found.
findfont: Font family 'Helvetica' not found.
findfont: Font family 'Helvetica' not found.
findfont: Font family 'Helvetica' not found.
findfont: Font family 'Helvetica' not found.
findfont: Font family 'Helvetica' not found.
findfont: Font family 'Helvetica' not found.
findfont: Font family 'Helvetica' not found.
findfont: Font family 'Helvetica' not found.
findfont: Font family 'Helvetica' not found.
findfont: Font family 'Helvetica' not found.
findfont: Font family 'Helvetica' not found.
findfont: Font family 'Helvetica' not found.
findfont: Font family 'Helvetica' not found.
findfont: Font family 'Helvetica' not found.
findfont: Font family 'Helvetica' not found.
findfont: Font family 'Helvetica' not found.
findfont: Font family 'Helvetica' not found.
findfont: Font family 'Helvetica' not found.
findfont: Font family 'Helvetica' not found.
findfont: Font family 'Helvetica' not found.
findfont: Font family 'Helvetica' not found.
findfont: Font family 'Helvetica' not found.
findfont: Font family 'Helvetica' not found.
findfont: Font family 'Helvetica' not found.
findfont: Font family 'Helvetica' not found.
[9] 已保存图1: F:\computer_science\machine_learning_fission_yield\pipeline\output\t2_freeze_first_lowlr_ft_235UALL_power_delta_np\results\yield_vs_A_t2_freeze_first_lowlr_ft_235UALL_power_delta_np.png
findfont: Font family 'Helvetica' not found.
findfont: Font family 'Helvetica' not found.
findfont: Font family 'Helvetica' not found.
findfont: Font family 'Helvetica' not found.
findfont: Font family 'Helvetica' not found.
findfont: Font family 'Helvetica' not found.
findfont: Font family 'Helvetica' not found.
findfont: Font family 'Helvetica' not found.
findfont: Font family 'Helvetica' not found.
findfont: Font family 'Helvetica' not found.
findfont: Font family 'Helvetica' not found.
findfont: Font family 'Helvetica' not found.
findfont: Font family 'Helvetica' not found.
findfont: Font family 'Helvetica' not found.
findfont: Font family 'Helvetica' not found.
findfont: Font family 'Helvetica' not found.
findfont: Font family 'Helvetica' not found.
findfont: Font family 'Helvetica' not found.
findfont: Font family 'Helvetica' not found.
findfont: Font family 'Helvetica' not found.
findfont: Font family 'Helvetica' not found.
findfont: Font family 'Helvetica' not found.
findfont: Font family 'Helvetica' not found.
findfont: Font family 'Helvetica' not found.
findfont: Font family 'Helvetica' not found.
findfont: Font family 'Helvetica' not found.
findfont: Font family 'Helvetica' not found.
findfont: Font family 'Helvetica' not found.
findfont: Font family 'Helvetica' not found.
findfont: Font family 'Helvetica' not found.
findfont: Font family 'Helvetica' not found.
findfont: Font family 'Helvetica' not found.
findfont: Font family 'Helvetica' not found.
findfont: Font family 'Helvetica' not found.
findfont: Font family 'Helvetica' not found.
findfont: Font family 'Helvetica' not found.
findfont: Font family 'Helvetica' not found.
findfont: Font family 'Helvetica' not found.
findfont: Font family 'Helvetica' not found.
findfont: Font family 'Helvetica' not found.
findfont: Font family 'Helvetica' not found.
findfont: Font family 'Helvetica' not found.
findfont: Font family 'Helvetica' not found.
findfont: Font family 'Helvetica' not found.
findfont: Font family 'Helvetica' not found.
findfont: Font family 'Helvetica' not found.
findfont: Font family 'Helvetica' not found.
findfont: Font family 'Helvetica' not found.
findfont: Font family 'Helvetica' not found.
findfont: Font family 'Helvetica' not found.
findfont: Font family 'Helvetica' not found.
findfont: Font family 'Helvetica' not found.
findfont: Font family 'Helvetica' not found.
findfont: Font family 'Helvetica' not found.
findfont: Font family 'Helvetica' not found.
findfont: Font family 'Helvetica' not found.
findfont: Font family 'Helvetica' not found.
findfont: Font family 'Helvetica' not found.
findfont: Font family 'Helvetica' not found.
findfont: Font family 'Helvetica' not found.
findfont: Font family 'Helvetica' not found.
findfont: Font family 'Helvetica' not found.
findfont: Font family 'Helvetica' not found.
findfont: Font family 'Helvetica' not found.
findfont: Font family 'Helvetica' not found.
findfont: Font family 'Helvetica' not found.
findfont: Font family 'Helvetica' not found.
findfont: Font family 'Helvetica' not found.
findfont: Font family 'Helvetica' not found.
findfont: Font family 'Helvetica' not found.
findfont: Font family 'Helvetica' not found.
findfont: Font family 'Helvetica' not found.
findfont: Font family 'Helvetica' not found.
findfont: Font family 'Helvetica' not found.
findfont: Font family 'Helvetica' not found.
findfont: Font family 'Helvetica' not found.
findfont: Font family 'Helvetica' not found.
findfont: Font family 'Helvetica' not found.
findfont: Font family 'Helvetica' not found.
findfont: Font family 'Helvetica' not found.
findfont: Font family 'Helvetica' not found.
findfont: Font family 'Helvetica' not found.
findfont: Font family 'Helvetica' not found.
findfont: Font family 'Helvetica' not found.
findfont: Font family 'Helvetica' not found.
findfont: Font family 'Helvetica' not found.
findfont: Font family 'Helvetica' not found.
findfont: Font family 'Helvetica' not found.
findfont: Font family 'Helvetica' not found.
findfont: Font family 'Helvetica' not found.
findfont: Font family 'Helvetica' not found.
findfont: Font family 'Helvetica' not found.
findfont: Font family 'Helvetica' not found.
    已保存图2: F:\computer_science\machine_learning_fission_yield\pipeline\output\t2_freeze_first_lowlr_ft_235UALL_power_delta_np\results\yield_vs_Z_t2_freeze_first_lowlr_ft_235UALL_power_delta_np.png
[10] 已保存逐点预测 CSV: F:\computer_science\machine_learning_fission_yield\pipeline\output\t2_freeze_first_lowlr_ft_235UALL_power_delta_np\results\energy_dep_t2_freeze_first_lowlr_ft_235UALL_power_delta_np.csv
     已保存聚合 CSV: F:\computer_science\machine_learning_fission_yield\pipeline\output\t2_freeze_first_lowlr_ft_235UALL_power_delta_np\results\yield_sum_by_A_t2_freeze_first_lowlr_ft_235UALL_power_delta_np.csv
     已保存聚合 CSV: F:\computer_science\machine_learning_fission_yield\pipeline\output\t2_freeze_first_lowlr_ft_235UALL_power_delta_np\results\yield_sum_by_Z_t2_freeze_first_lowlr_ft_235UALL_power_delta_np.csv

============================================================
能量依赖性分析完成！摘要信息
============================================================
变体名        : t2_freeze_first_lowlr_ft_235UALL_power_delta_np
模型架构      : KAN[12, 12, 10] (grid=15, k=3)
基准核素表    : F:\computer_science\machine_learning_fission_yield\data/235UALL.csv（1032 唯一核素）
能量网格      : 0~14 MeV，步长 1.0，15 点
目标空间      : raw，使用delta_np=True
预测产额范围  : [0.00e+00, 9.66e-01]
逐点预测 CSV  : F:\computer_science\machine_learning_fission_yield\pipeline\output\t2_freeze_first_lowlr_ft_235UALL_power_delta_np\results\energy_dep_t2_freeze_first_lowlr_ft_235UALL_power_delta_np.csv
按A聚合 CSV   : F:\computer_science\machine_learning_fission_yield\pipeline\output\t2_freeze_first_lowlr_ft_235UALL_power_delta_np\results\yield_sum_by_A_t2_freeze_first_lowlr_ft_235UALL_power_delta_np.csv
按Z聚合 CSV   : F:\computer_science\machine_learning_fission_yield\pipeline\output\t2_freeze_first_lowlr_ft_235UALL_power_delta_np\results\yield_sum_by_Z_t2_freeze_first_lowlr_ft_235UALL_power_delta_np.csv
图1 (vs A)    : F:\computer_science\machine_learning_fission_yield\pipeline\output\t2_freeze_first_lowlr_ft_235UALL_power_delta_np\results\yield_vs_A_t2_freeze_first_lowlr_ft_235UALL_power_delta_np.png
图2 (vs Z)    : F:\computer_science\machine_learning_fission_yield\pipeline\output\t2_freeze_first_lowlr_ft_235UALL_power_delta_np\results\yield_vs_Z_t2_freeze_first_lowlr_ft_235UALL_power_delta_np.png
完成时间      : 2026-08-30 14:55:53
============================================================
>>> [2026-08-30 14:55:54] STAGE t2-04 04_energy_dep.py EXIT=0
===== [2026-08-30 14:55:54] VARIANT t2 DONE =====
