===== [2026-09-08 21:49:52] VARIANT x1_gef (x1_gef_isomer) START =====
>>> [2026-09-08 21:49:52] STAGE x1_gef-01 01_preprocess.py START
============================================================
数据预处理（配置驱动，通用数据源）
============================================================
[1] 读取通用 CSV 数据 (source=csv): F:\computer_science\machine_learning_fission_yield\data/GEF_isomer_merged.csv
    样本数: 9333, 列名: ['Z_norm', 'A_norm', 'E_norm', 'Yield', 'Error']

[2] 从 data/ 加载 scalers ...
C:\Users\86138\.conda\envs\fpy_kan\Lib\site-packages\sklearn\base.py:463: InconsistentVersionWarning: Trying to unpickle estimator MinMaxScaler from version 1.6.1 when using version 1.8.0. This might lead to breaking code or invalid results. Use at your own risk. For more info please refer to:
https://scikit-learn.org/stable/model_persistence.html#security-maintainability-limitations
  warnings.warn(
    已从 data/ 载入 scalers: ['standard_Z', 'standard_A', 'Yield_power']

[3.5] 产额噪声增广: 9333 -> 15005 行 | 分档分位 [0.5, 0.9] | 副本数 [0, 1, 2] | σ [0.0, 0.05, 0.1] | mode=multiplicative

[4] 构建特征 X 与目标 y ...
    特征顺序: ['Z_norm', 'A_norm', 'E_norm'], 维度: 3
    目标空间: raw, 幂次 p: 0.35, scaler key: Yield_power
    归一化目标范围: [-0.628163, 4.460366]

[5] 划分训练/验证集 ...
    full_train: 训练集 15005（无验证集）
C:\Users\86138\.conda\envs\fpy_kan\Lib\site-packages\sklearn\base.py:463: InconsistentVersionWarning: Trying to unpickle estimator MinMaxScaler from version 1.6.1 when using version 1.8.0. This might lead to breaking code or invalid results. Use at your own risk. For more info please refer to:
https://scikit-learn.org/stable/model_persistence.html#security-maintainability-limitations
  warnings.warn(

[6] 保存预处理数据 ...
    已保存: F:\computer_science\machine_learning_fission_yield\pipeline\output\x1_gef_isomer\data\preprocessed_x1_gef_isomer.pkl

============================================================
预处理完成！摘要信息
============================================================
变体名    : x1_gef_isomer
数据源    : csv (data/ scalers)
样本数    : 15005 (train=15005, val=0)
噪声增广  : 9333 -> 15005 行 | 副本数 [0, 1, 2] | σ [0.0, 0.05, 0.1] | mode=multiplicative
特征维度  : 3 (['Z_norm', 'A_norm', 'E_norm'])
目标空间  : raw (p=0.35, key=Yield_power)
输出文件  : F:\computer_science\machine_learning_fission_yield\pipeline\output\x1_gef_isomer\data\preprocessed_x1_gef_isomer.pkl
============================================================
>>> [2026-09-08 21:49:56] STAGE x1_gef-01 01_preprocess.py EXIT=0
>>> [2026-09-08 21:49:56] STAGE x1_gef-02 02_train.py START
============================================================
KAN 模型训练（配置驱动，支持续训/网格细化/LBFGS）
============================================================
[1] 加载预处理数据: F:\computer_science\machine_learning_fission_yield\pipeline\output\x1_gef_isomer\data\preprocessed_x1_gef_isomer.pkl
    样本数: 15005, 特征维度: 3
    特征: ['Z_norm', 'A_norm', 'E_norm']
[2] 构建 KAN 模型: width=[[3, 0], [16, 0], [16, 0], [1, 0]] (grid=15, k=3)
    参数量: 9,222, 设备: cpu
C:\Users\86138\AppData\Roaming\Python\Python312\site-packages\torch\optim\lr_scheduler.py:62: UserWarning: The verbose parameter is deprecated. Please use get_last_lr() to access the learning rate.
  warnings.warn(
[3] 优化器: AdamW, 调度器: CosineHoldAtMin, 损失: MSELoss

[4] 开始训练（共 2000 轮，batch=512，早停 patience=400, min_delta=5e-06, monitor=train_loss）；续训关闭
    Epoch    1/2000 | loss: 8.2267e-01 | lr: 5.00e-02 | grid: 15 | 早停计数: 0/400
    Epoch   20/2000 | loss: 8.3775e-03 | lr: 4.97e-02 | grid: 15 | 早停计数: 0/400
    Epoch   40/2000 | loss: 7.3626e-03 | lr: 4.88e-02 | grid: 15 | 早停计数: 1/400
    Epoch   60/2000 | loss: 7.4414e-03 | lr: 4.73e-02 | grid: 15 | 早停计数: 21/400
    Epoch   80/2000 | loss: 6.8814e-03 | lr: 4.52e-02 | grid: 15 | 早停计数: 41/400
