============================================================
KAN 模型训练（配置驱动，支持续训/网格细化/LBFGS）
============================================================
[1] 加载预处理数据: f:\computer_science\machine_learning_fission_yield\pipeline\output\o3_ft_235UALL_lr5e4_hold50_pat50\data\preprocessed_o3_ft_235UALL_lr5e4_hold50_pat50.pkl
    样本数: 3508, 特征维度: 4
    特征: ['Z_norm', 'A_norm', 'E_norm', 'delta_np']
[2] 构建 KAN 模型: width=[[4, 0], [20, 0], [20, 0], [1, 0]] (grid=20, k=4)
    参数量: 17,440, 设备: cpu

[2b] 从预训练权重初始化 (init_from=n_power_delta_np) ...
    已载入预训练模型: f:\computer_science\machine_learning_fission_yield\pipeline\output\n_power_delta_np\models\kan_best_n_power_delta_np.pth (grid=20, 参数量 17,440)
C:\Users\86138\AppData\Roaming\Python\Python312\site-packages\torch\optim\lr_scheduler.py:62: UserWarning: The verbose parameter is deprecated. Please use get_last_lr() to access the learning rate.
  warnings.warn(
[3] 优化器: AdamW, 调度器: CosineHoldAtMin, 损失: MSELoss
    验证集: 619 样本（held-out，用于 val_loss 监控）

[4] 开始训练（共 200 轮，batch=512，早停 patience=50, min_delta=5e-06, monitor=val_loss）；续训关闭
    Epoch    1/200 | loss: 4.5412e-02 | val_loss: 3.3544e-02 | lr: 5.00e-04 | grid: 20 | 早停计数: 0/50
    Epoch   20/200 | loss: 1.9631e-02 | val_loss: 1.9636e-02 | lr: 3.28e-04 | grid: 20 | 早停计数: 0/50
    Epoch   40/200 | loss: 1.6899e-02 | val_loss: 1.8806e-02 | lr: 4.87e-05 | grid: 20 | 早停计数: 0/50
    Epoch   60/200 | loss: 1.6736e-02 | val_loss: 1.8766e-02 | lr: 1.00e-06 | grid: 20 | 早停计数: 14/50
    Epoch   80/200 | loss: 1.6711e-02 | val_loss: 1.8763e-02 | lr: 1.00e-06 | grid: 20 | 早停计数: 18/50
    Epoch  100/200 | loss: 1.6667e-02 | val_loss: 1.8759e-02 | lr: 1.00e-06 | grid: 20 | 早停计数: 10/50
    Epoch  120/200 | loss: 1.6838e-02 | val_loss: 1.8755e-02 | lr: 1.00e-06 | grid: 20 | 早停计数: 4/50
    Epoch  140/200 | loss: 1.6714e-02 | val_loss: 1.8751e-02 | lr: 1.00e-06 | grid: 20 | 早停计数: 24/50
    Epoch  160/200 | loss: 1.6667e-02 | val_loss: 1.8747e-02 | lr: 1.00e-06 | grid: 20 | 早停计数: 19/50
    Epoch  180/200 | loss: 1.6688e-02 | val_loss: 1.8743e-02 | lr: 1.00e-06 | grid: 20 | 早停计数: 13/50
    Epoch  200/200 | loss: 1.6635e-02 | val_loss: 1.8739e-02 | lr: 1.00e-06 | grid: 20 | 早停计数: 9/50

    训练完成：最佳损失 1.8740e-02（adam epoch/step 191），用时 705.1s

============================================================
训练完成！摘要信息
============================================================
变体名    : o3_ft_235UALL_lr5e4_hold50_pat50
最终 grid : 20
最终 loss  : 1.6635e-02
最佳 loss  : 1.8740e-02 (adam epoch/step 191)
best 模型  : f:\computer_science\machine_learning_fission_yield\pipeline\output\o3_ft_235UALL_lr5e4_hold50_pat50\models\kan_best_o3_ft_235UALL_lr5e4_hold50_pat50.pth
latest 模型: f:\computer_science\machine_learning_fission_yield\pipeline\output\o3_ft_235UALL_lr5e4_hold50_pat50\models\kan_latest_o3_ft_235UALL_lr5e4_hold50_pat50.pth
resume 点 : f:\computer_science\machine_learning_fission_yield\pipeline\output\o3_ft_235UALL_lr5e4_hold50_pat50\models\kan_resume_o3_ft_235UALL_lr5e4_hold50_pat50.pth（可设 train.resume=true 续训）
final 模型 : f:\computer_science\machine_learning_fission_yield\pipeline\output\o3_ft_235UALL_lr5e4_hold50_pat50\models\kan_final_o3_ft_235UALL_lr5e4_hold50_pat50.pth
============================================================
