============================================================
KAN 模型训练（配置驱动，支持续训/网格细化/LBFGS）
============================================================
[1] 加载预处理数据: f:\computer_science\machine_learning_fission_yield\pipeline\output\o2_ft_235UALL_lr1e4_freeze_pat50\data\preprocessed_o2_ft_235UALL_lr1e4_freeze_pat50.pkl
    样本数: 3508, 特征维度: 4
    特征: ['Z_norm', 'A_norm', 'E_norm', 'delta_np']
[2] 构建 KAN 模型: width=[[4, 0], [20, 0], [20, 0], [1, 0]] (grid=20, k=4)
    参数量: 17,440, 设备: cpu

[2b] 从预训练权重初始化 (init_from=n_power_delta_np) ...
    已载入预训练模型: f:\computer_science\machine_learning_fission_yield\pipeline\output\n_power_delta_np\models\kan_best_n_power_delta_np.pth (grid=20, 参数量 17,440)
    冻结参数组: 5（匹配子串 ['act_fun.0']）；可训练参数: 9
C:\Users\86138\AppData\Roaming\Python\Python312\site-packages\torch\optim\lr_scheduler.py:62: UserWarning: The verbose parameter is deprecated. Please use get_last_lr() to access the learning rate.
  warnings.warn(
[3] 优化器: AdamW, 调度器: CosineHoldAtMin, 损失: MSELoss
    验证集: 619 样本（held-out，用于 val_loss 监控）

[4] 开始训练（共 200 轮，batch=512，早停 patience=50, min_delta=5e-06, monitor=val_loss）；续训关闭
    Epoch    1/200 | loss: 4.7888e-02 | val_loss: 3.7325e-02 | lr: 9.99e-05 | grid: 20 | 早停计数: 0/50
    Epoch   20/200 | loss: 4.1353e-02 | val_loss: 3.3175e-02 | lr: 6.58e-05 | grid: 20 | 早停计数: 0/50
    Epoch   40/200 | loss: 3.9069e-02 | val_loss: 3.2005e-02 | lr: 1.05e-05 | grid: 20 | 早停计数: 0/50
    Epoch   60/200 | loss: 3.8875e-02 | val_loss: 3.1922e-02 | lr: 1.00e-06 | grid: 20 | 早停计数: 2/50
    Epoch   80/200 | loss: 3.8752e-02 | val_loss: 3.1893e-02 | lr: 1.00e-06 | grid: 20 | 早停计数: 2/50
    Epoch  100/200 | loss: 3.8735e-02 | val_loss: 3.1862e-02 | lr: 1.00e-06 | grid: 20 | 早停计数: 2/50
    Epoch  120/200 | loss: 3.8839e-02 | val_loss: 3.1832e-02 | lr: 1.00e-06 | grid: 20 | 早停计数: 2/50
    Epoch  140/200 | loss: 3.8694e-02 | val_loss: 3.1802e-02 | lr: 1.00e-06 | grid: 20 | 早停计数: 2/50
    Epoch  160/200 | loss: 3.8676e-02 | val_loss: 3.1771e-02 | lr: 1.00e-06 | grid: 20 | 早停计数: 2/50
    Epoch  180/200 | loss: 3.8650e-02 | val_loss: 3.1741e-02 | lr: 1.00e-06 | grid: 20 | 早停计数: 2/50
    Epoch  200/200 | loss: 3.8451e-02 | val_loss: 3.1711e-02 | lr: 1.00e-06 | grid: 20 | 早停计数: 2/50

    训练完成：最佳损失 3.1714e-02（adam epoch/step 198），用时 402.7s

============================================================
训练完成！摘要信息
============================================================
变体名    : o2_ft_235UALL_lr1e4_freeze_pat50
最终 grid : 20
最终 loss  : 3.8451e-02
最佳 loss  : 3.1714e-02 (adam epoch/step 198)
best 模型  : f:\computer_science\machine_learning_fission_yield\pipeline\output\o2_ft_235UALL_lr1e4_freeze_pat50\models\kan_best_o2_ft_235UALL_lr1e4_freeze_pat50.pth
latest 模型: f:\computer_science\machine_learning_fission_yield\pipeline\output\o2_ft_235UALL_lr1e4_freeze_pat50\models\kan_latest_o2_ft_235UALL_lr1e4_freeze_pat50.pth
resume 点 : f:\computer_science\machine_learning_fission_yield\pipeline\output\o2_ft_235UALL_lr1e4_freeze_pat50\models\kan_resume_o2_ft_235UALL_lr1e4_freeze_pat50.pth（可设 train.resume=true 续训）
final 模型 : f:\computer_science\machine_learning_fission_yield\pipeline\output\o2_ft_235UALL_lr1e4_freeze_pat50\models\kan_final_o2_ft_235UALL_lr1e4_freeze_pat50.pth
============================================================
