===== [2026-08-31 04:07:44] VARIANT p2_ft (p2_ft_235UALL_power_delta_np) START =====
>>> [2026-08-31 04:07:44] STAGE p2_ft-01 01_preprocess.py START
============================================================
数据预处理（配置驱动，通用数据源）
============================================================
[1] 读取通用 CSV 数据 (source=csv): F:\computer_science\machine_learning_fission_yield\data/235UALL.csv
    样本数: 4127, 列名: ['Z_norm', 'A_norm', 'E_norm', 'Yield', 'Error']

[2] 复用预训练 scalers (reuse_scalers_from=p2_gef_isomer_delta_np) ...
    已载入预训练 scalers: ['standard_Z', 'standard_A', 'delta_np', 'Yield_power', 'standard_E']

[3] 计算 delta_np 特征 ...
    delta_np 范围: [0.083333, 1.918919]

[4] 构建特征 X 与目标 y ...
    特征顺序: ['Z_norm', 'A_norm', 'E_norm', 'delta_np'], 维度: 4
    目标空间: raw, 幂次 p: 0.15, scaler key: Yield_power
    归一化目标范围: [-1.072328, 2.903437]

[5] 划分训练/验证集 ...
    held_out: train=3508, val=619 (val_from_first_n=3096, ratio=0.2, seed=42)
C:\Users\86138\.conda\envs\fpy_kan\Lib\site-packages\sklearn\base.py:463: InconsistentVersionWarning: Trying to unpickle estimator MinMaxScaler from version 1.6.1 when using version 1.8.0. This might lead to breaking code or invalid results. Use at your own risk. For more info please refer to:
https://scikit-learn.org/stable/model_persistence.html#security-maintainability-limitations
  warnings.warn(

[6] 保存预处理数据 ...
    已保存: F:\computer_science\machine_learning_fission_yield\pipeline\output\p2_ft_235UALL_power_delta_np\data\preprocessed_p2_ft_235UALL_power_delta_np.pkl

============================================================
预处理完成！摘要信息
============================================================
变体名    : p2_ft_235UALL_power_delta_np
数据源    : csv (复用 p2_gef_isomer_delta_np 的 scalers)
样本数    : 4127 (train=3508, val=619)
特征维度  : 4 (['Z_norm', 'A_norm', 'E_norm', 'delta_np'])
目标空间  : raw (p=0.15, key=Yield_power)
输出文件  : F:\computer_science\machine_learning_fission_yield\pipeline\output\p2_ft_235UALL_power_delta_np\data\preprocessed_p2_ft_235UALL_power_delta_np.pkl
============================================================
>>> [2026-08-31 04:07:48] STAGE p2_ft-01 01_preprocess.py EXIT=0
>>> [2026-08-31 04:07:48] STAGE p2_ft-02 02_train.py START
============================================================
KAN 模型训练（配置驱动，支持续训/网格细化/LBFGS）
============================================================
[1] 加载预处理数据: F:\computer_science\machine_learning_fission_yield\pipeline\output\p2_ft_235UALL_power_delta_np\data\preprocessed_p2_ft_235UALL_power_delta_np.pkl
    样本数: 3508, 特征维度: 4
    特征: ['Z_norm', 'A_norm', 'E_norm', 'delta_np']
[2] 构建 KAN 模型: width=[[4, 0], [16, 0], [16, 0], [1, 0]] (grid=15, k=3)
    参数量: 9,660, 设备: cpu

[2b] 从预训练权重初始化 (init_from=p2_gef_isomer_delta_np) ...
    已载入预训练模型: F:\computer_science\machine_learning_fission_yield\pipeline\output\p2_gef_isomer_delta_np\models\kan_best_p2_gef_isomer_delta_np.pth (grid=15, 参数量 9,660)
[3] 优化器: AdamW, 调度器: CosineAnnealingWarmRestarts, 损失: MSELoss
    验证集: 619 样本（held-out，用于 val_loss 监控）

[4] 开始训练（共 2000 轮，batch=512，早停 patience=100, min_delta=5e-06, monitor=val_loss）；续训关闭
    Epoch    1/2000 | loss: 7.7183e-02 | val_loss: 7.1889e-02 | lr: 1.00e-03 | grid: 15 | 早停计数: 0/100
    Epoch   20/2000 | loss: 2.3750e-02 | val_loss: 3.9951e-02 | lr: 9.94e-04 | grid: 15 | 早停计数: 0/100
    Epoch   40/2000 | loss: 1.5382e-02 | val_loss: 4.0040e-02 | lr: 9.76e-04 | grid: 15 | 早停计数: 13/100
    Epoch   60/2000 | loss: 1.0861e-02 | val_loss: 4.3339e-02 | lr: 9.46e-04 | grid: 15 | 早停计数: 33/100
    Epoch   80/2000 | loss: 8.5760e-03 | val_loss: 4.7623e-02 | lr: 9.05e-04 | grid: 15 | 早停计数: 53/100
    Epoch  100/2000 | loss: 7.3177e-03 | val_loss: 5.1110e-02 | lr: 8.55e-04 | grid: 15 | 早停计数: 73/100
    Epoch  120/2000 | loss: 6.4987e-03 | val_loss: 5.2829e-02 | lr: 7.96e-04 | grid: 15 | 早停计数: 93/100

  ⏹ 早停触发：连续 100 轮损失未改善（最佳 @ epoch 27）

    训练完成：最佳损失 3.9221e-02（adam epoch/step 27），用时 354.4s

============================================================
训练完成！摘要信息
============================================================
变体名    : p2_ft_235UALL_power_delta_np
最终 grid : 15
最终 loss  : 6.3683e-03
最佳 loss  : 3.9221e-02 (adam epoch/step 27)
best 模型  : F:\computer_science\machine_learning_fission_yield\pipeline\output\p2_ft_235UALL_power_delta_np\models\kan_best_p2_ft_235UALL_power_delta_np.pth
latest 模型: F:\computer_science\machine_learning_fission_yield\pipeline\output\p2_ft_235UALL_power_delta_np\models\kan_latest_p2_ft_235UALL_power_delta_np.pth
resume 点 : F:\computer_science\machine_learning_fission_yield\pipeline\output\p2_ft_235UALL_power_delta_np\models\kan_resume_p2_ft_235UALL_power_delta_np.pth（可设 train.resume=true 续训）
final 模型 : F:\computer_science\machine_learning_fission_yield\pipeline\output\p2_ft_235UALL_power_delta_np\models\kan_final_p2_ft_235UALL_power_delta_np.pth
============================================================
>>> [2026-08-31 04:13:47] STAGE p2_ft-02 02_train.py EXIT=0
>>> [2026-08-31 04:13:47] STAGE p2_ft-03 03_evaluate.py START
============================================================
KAN 模型评估（配置驱动）
============================================================
[1] 加载预处理数据: F:\computer_science\machine_learning_fission_yield\pipeline\output\p2_ft_235UALL_power_delta_np\data\preprocessed_p2_ft_235UALL_power_delta_np.pkl
[2] 加载模型: F:\computer_science\machine_learning_fission_yield\pipeline\output\p2_ft_235UALL_power_delta_np\models\kan_best_p2_ft_235UALL_power_delta_np.pth
    架构: KAN[16, 16] (grid=15, k=3)
    参数量: 9,660, 设备: cpu
[3] 评估集: val (held-out), 样本数 619
    目标空间: raw，负值裁剪阈值: 0.0
findfont: Font family 'Helvetica' not found.
findfont: Font family 'Helvetica' not found.
findfont: Font family 'Helvetica' not found.
findfont: Font family 'Helvetica' not found.
findfont: Font family 'Helvetica' not found.
findfont: Font family 'Helvetica' not found.
findfont: Font family 'Helvetica' not found.
findfont: Font family 'Helvetica' not found.
findfont: Font family 'Helvetica' not found.
findfont: Font family 'Helvetica' not found.
findfont: Font family 'Helvetica' not found.
findfont: Font family 'Helvetica' not found.
findfont: Font family 'Helvetica' not found.
findfont: Font family 'Helvetica' not found.
findfont: Font family 'Helvetica' not found.
findfont: Font family 'Helvetica' not found.
findfont: Font family 'Helvetica' not found.
findfont: Font family 'Helvetica' not found.
findfont: Font family 'Helvetica' not found.
findfont: Font family 'Helvetica' not found.
findfont: Font family 'Helvetica' not found.
findfont: Font family 'Helvetica' not found.
findfont: Font family 'Helvetica' not found.
findfont: Font family 'Helvetica' not found.
findfont: Font family 'Helvetica' not found.
findfont: Font family 'Helvetica' not found.
findfont: Font family 'Helvetica' not found.
findfont: Font family 'Helvetica' not found.
findfont: Font family 'Helvetica' not found.
findfont: Font family 'Helvetica' not found.
findfont: Font family 'Helvetica' not found.
findfont: Font family 'Helvetica' not found.
findfont: Font family 'Helvetica' not found.
findfont: Font family 'Helvetica' not found.
findfont: Font family 'Helvetica' not found.
findfont: Font family 'Helvetica' not found.
findfont: Font family 'Helvetica' not found.
findfont: Font family 'Helvetica' not found.
findfont: Font family 'Helvetica' not found.
findfont: Font family 'Helvetica' not found.
findfont: Font family 'Helvetica' not found.
findfont: Font family 'Helvetica' not found.
findfont: Font family 'Helvetica' not found.
findfont: Font family 'Helvetica' not found.
findfont: Font family 'Helvetica' not found.
findfont: Font family 'Helvetica' not found.
findfont: Font family 'Helvetica' not found.
findfont: Font family 'Helvetica' not found.
findfont: Font family 'Helvetica' not found.
findfont: Font family 'Helvetica' not found.
findfont: Font family 'Helvetica' not found.
findfont: Font family 'Helvetica' not found.
findfont: Font family 'Helvetica' not found.
findfont: Font family 'Helvetica' not found.
findfont: Font family 'Helvetica' not found.
findfont: Font family 'Helvetica' not found.
findfont: Font family 'Helvetica' not found.
findfont: Font family 'Helvetica' not found.
findfont: Font family 'Helvetica' not found.
findfont: Font family 'Helvetica' not found.
findfont: Font family 'Helvetica' not found.
findfont: Font family 'Helvetica' not found.
findfont: Font family 'Helvetica' not found.
findfont: Font family 'Helvetica' not found.
findfont: Font family 'Helvetica' not found.
findfont: Font family 'Helvetica' not found.
findfont: Font family 'Helvetica' not found.
findfont: Font family 'Helvetica' not found.
findfont: Font family 'Helvetica' not found.
findfont: Font family 'Helvetica' not found.
findfont: Font family 'Helvetica' not found.
findfont: Font family 'Helvetica' not found.
findfont: Font family 'Helvetica' not found.
findfont: Font family 'Helvetica' not found.
findfont: Font family 'Helvetica' not found.
findfont: Font family 'Helvetica' not found.
findfont: Font family 'Helvetica' not found.
findfont: Font family 'Helvetica' not found.
findfont: Font family 'Helvetica' not found.
findfont: Font family 'Helvetica' not found.
findfont: Font family 'Helvetica' not found.
findfont: Font family 'Helvetica' not found.
findfont: Font family 'Helvetica' not found.
findfont: Font family 'Helvetica' not found.
findfont: Font family 'Helvetica' not found.
findfont: Font family 'Helvetica' not found.
findfont: Font family 'Helvetica' not found.
findfont: Font family 'Helvetica' not found.
findfont: Font family 'Helvetica' not found.
findfont: Font family 'Helvetica' not found.
findfont: Font family 'Helvetica' not found.
findfont: Font family 'Helvetica' not found.
findfont: Font family 'Helvetica' not found.
findfont: Font family 'Helvetica' not found.
findfont: Font family 'Helvetica' not found.
findfont: Font family 'Helvetica' not found.
findfont: Font family 'Helvetica' not found.
findfont: Font family 'Helvetica' not found.
findfont: Font family 'Helvetica' not found.
findfont: Font family 'Helvetica' not found.
findfont: Font family 'Helvetica' not found.
findfont: Font family 'Helvetica' not found.
findfont: Font family 'Helvetica' not found.
findfont: Font family 'Helvetica' not found.
findfont: Font family 'Helvetica' not found.
findfont: Font family 'Helvetica' not found.
findfont: Font family 'Helvetica' not found.
findfont: Font family 'Helvetica' not found.
findfont: Font family 'Helvetica' not found.
findfont: Font family 'Helvetica' not found.
findfont: Font family 'Helvetica' not found.
findfont: Font family 'Helvetica' not found.
findfont: Font family 'Helvetica' not found.
findfont: Font family 'Helvetica' not found.
findfont: Font family 'Helvetica' not found.
findfont: Font family 'Helvetica' not found.
findfont: Font family 'Helvetica' not found.
findfont: Font family 'Helvetica' not found.
findfont: Font family 'Helvetica' not found.
findfont: Font family 'Helvetica' not found.
findfont: Font family 'Helvetica' not found.
findfont: Font family 'Helvetica' not found.
findfont: Font family 'Helvetica' not found.
findfont: Font family 'Helvetica' not found.
findfont: Font family 'Helvetica' not found.
findfont: Font family 'Helvetica' not found.
findfont: Font family 'Helvetica' not found.
findfont: Font family 'Helvetica' not found.
findfont: Font family 'Helvetica' not found.
findfont: Font family 'Helvetica' not found.
findfont: Font family 'Helvetica' not found.
findfont: Font family 'Helvetica' not found.
findfont: Font family 'Helvetica' not found.
findfont: Font family 'Helvetica' not found.
findfont: Font family 'Helvetica' not found.
findfont: Font family 'Helvetica' not found.
findfont: Font family 'Helvetica' not found.
findfont: Font family 'Helvetica' not found.
findfont: Font family 'Helvetica' not found.
findfont: Font family 'Helvetica' not found.
findfont: Font family 'Helvetica' not found.
findfont: Font family 'Helvetica' not found.
findfont: Font family 'Helvetica' not found.
findfont: Font family 'Helvetica' not found.
findfont: Font family 'Helvetica' not found.
findfont: Font family 'Helvetica' not found.
findfont: Font family 'Helvetica' not found.
findfont: Font family 'Helvetica' not found.
findfont: Font family 'Helvetica' not found.
findfont: Font family 'Helvetica' not found.
findfont: Font family 'Helvetica' not found.
findfont: Font family 'Helvetica' not found.
findfont: Font family 'Helvetica' not found.
findfont: Font family 'Helvetica' not found.
findfont: Font family 'Helvetica' not found.
findfont: Font family 'Helvetica' not found.
findfont: Font family 'Helvetica' not found.
findfont: Font family 'Helvetica' not found.
findfont: Font family 'Helvetica' not found.
findfont: Font family 'Helvetica' not found.
findfont: Font family 'Helvetica' not found.
findfont: Font family 'Helvetica' not found.
findfont: Font family 'Helvetica' not found.
findfont: Font family 'Helvetica' not found.
findfont: Font family 'Helvetica' not found.
findfont: Font family 'Helvetica' not found.
findfont: Font family 'Helvetica' not found.
findfont: Font family 'Helvetica' not found.
findfont: Font family 'Helvetica' not found.
findfont: Font family 'Helvetica' not found.
findfont: Font family 'Helvetica' not found.
findfont: Font family 'Helvetica' not found.
findfont: Font family 'Helvetica' not found.
findfont: Font family 'Helvetica' not found.
findfont: Font family 'Helvetica' not found.
findfont: Font family 'Helvetica' not found.
findfont: Font family 'Helvetica' not found.
findfont: Font family 'Helvetica' not found.
findfont: Font family 'Helvetica' not found.
findfont: Font family 'Helvetica' not found.
findfont: Font family 'Helvetica' not found.
findfont: Font family 'Helvetica' not found.
findfont: Font family 'Helvetica' not found.
findfont: Font family 'Helvetica' not found.
findfont: Font family 'Helvetica' not found.
findfont: Font family 'Helvetica' not found.
findfont: Font family 'Helvetica' not found.
findfont: Font family 'Helvetica' not found.
findfont: Font family 'Helvetica' not found.
findfont: Font family 'Helvetica' not found.
findfont: Font family 'Helvetica' not found.
findfont: Font family 'Helvetica' not found.
findfont: Font family 'Helvetica' not found.
findfont: Font family 'Helvetica' not found.
findfont: Font family 'Helvetica' not found.
findfont: Font family 'Helvetica' not found.
findfont: Font family 'Helvetica' not found.
findfont: Font family 'Helvetica' not found.
findfont: Font family 'Helvetica' not found.
findfont: Font family 'Helvetica' not found.
findfont: Font family 'Helvetica' not found.
findfont: Font family 'Helvetica' not found.
findfont: Font family 'Helvetica' not found.
findfont: Font family 'Helvetica' not found.
findfont: Font family 'Helvetica' not found.
findfont: Font family 'Helvetica' not found.
findfont: Font family 'Helvetica' not found.
findfont: Font family 'Helvetica' not found.
findfont: Font family 'Helvetica' not found.
findfont: Font family 'Helvetica' not found.
findfont: Font family 'Helvetica' not found.
findfont: Font family 'Helvetica' not found.
findfont: Font family 'Helvetica' not found.
findfont: Font family 'Helvetica' not found.
findfont: Font family 'Helvetica' not found.
findfont: Font family 'Helvetica' not found.
findfont: Font family 'Helvetica' not found.
findfont: Font family 'Helvetica' not found.
findfont: Font family 'Helvetica' not found.
findfont: Font family 'Helvetica' not found.
findfont: Font family 'Helvetica' not found.
findfont: Font family 'Helvetica' not found.
findfont: Font family 'Helvetica' not found.
findfont: Font family 'Helvetica' not found.
findfont: Font family 'Helvetica' not found.
findfont: Font family 'Helvetica' not found.
findfont: Font family 'Helvetica' not found.
findfont: Font family 'Helvetica' not found.
findfont: Font family 'Helvetica' not found.
findfont: Font family 'Helvetica' not found.
findfont: Font family 'Helvetica' not found.
findfont: Font family 'Helvetica' not found.
findfont: Font family 'Helvetica' not found.
findfont: Font family 'Helvetica' not found.
findfont: Font family 'Helvetica' not found.
findfont: Font family 'Helvetica' not found.
findfont: Font family 'Helvetica' not found.
findfont: Font family 'Helvetica' not found.
findfont: Font family 'Helvetica' not found.
findfont: Font family 'Helvetica' not found.
findfont: Font family 'Helvetica' not found.
findfont: Font family 'Helvetica' not found.
findfont: Font family 'Helvetica' not found.
findfont: Font family 'Helvetica' not found.
findfont: Font family 'Helvetica' not found.
findfont: Font family 'Helvetica' not found.
findfont: Font family 'Helvetica' not found.
findfont: Font family 'Helvetica' not found.
findfont: Font family 'Helvetica' not found.
findfont: Font family 'Helvetica' not found.
findfont: Font family 'Helvetica' not found.
findfont: Font family 'Helvetica' not found.
findfont: Font family 'Helvetica' not found.
findfont: Font family 'Helvetica' not found.
findfont: Font family 'Helvetica' not found.
findfont: Font family 'Helvetica' not found.
findfont: Font family 'Helvetica' not found.
findfont: Font family 'Helvetica' not found.
findfont: Font family 'Helvetica' not found.
findfont: Font family 'Helvetica' not found.
findfont: Font family 'Helvetica' not found.
findfont: Font family 'Helvetica' not found.
findfont: Font family 'Helvetica' not found.
findfont: Font family 'Helvetica' not found.
findfont: Font family 'Helvetica' not found.
findfont: Font family 'Helvetica' not found.
findfont: Font family 'Helvetica' not found.
findfont: Font family 'Helvetica' not found.
findfont: Font family 'Helvetica' not found.
findfont: Font family 'Helvetica' not found.
findfont: Font family 'Helvetica' not found.
findfont: Font family 'Helvetica' not found.
findfont: Font family 'Helvetica' not found.
findfont: Font family 'Helvetica' not found.
findfont: Font family 'Helvetica' not found.
findfont: Font family 'Helvetica' not found.
findfont: Font family 'Helvetica' not found.
findfont: Font family 'Helvetica' not found.
findfont: Font family 'Helvetica' not found.
findfont: Font family 'Helvetica' not found.
findfont: Font family 'Helvetica' not found.
findfont: Font family 'Helvetica' not found.
findfont: Font family 'Helvetica' not found.
findfont: Font family 'Helvetica' not found.
findfont: Font family 'Helvetica' not found.
findfont: Font family 'Helvetica' not found.
findfont: Font family 'Helvetica' not found.
findfont: Font family 'Helvetica' not found.
findfont: Font family 'Helvetica' not found.
findfont: Font family 'Helvetica' not found.
findfont: Font family 'Helvetica' not found.
findfont: Font family 'Helvetica' not found.
findfont: Font family 'Helvetica' not found.
findfont: Font family 'Helvetica' not found.
findfont: Font family 'Helvetica' not found.
findfont: Font family 'Helvetica' not found.
findfont: Font family 'Helvetica' not found.
findfont: Font family 'Helvetica' not found.
findfont: Font family 'Helvetica' not found.
findfont: Font family 'Helvetica' not found.
findfont: Font family 'Helvetica' not found.
findfont: Font family 'Helvetica' not found.
findfont: Font family 'Helvetica' not found.
findfont: Font family 'Helvetica' not found.
findfont: Font family 'Helvetica' not found.
findfont: Font family 'Helvetica' not found.
findfont: Font family 'Helvetica' not found.
findfont: Font family 'Helvetica' not found.
findfont: Font family 'Helvetica' not found.
findfont: Font family 'Helvetica' not found.
findfont: Font family 'Helvetica' not found.
findfont: Font family 'Helvetica' not found.
findfont: Font family 'Helvetica' not found.
findfont: Font family 'Helvetica' not found.
findfont: Font family 'Helvetica' not found.
findfont: Font family 'Helvetica' not found.
findfont: Font family 'Helvetica' not found.
findfont: Font family 'Helvetica' not found.
findfont: Font family 'Helvetica' not found.
findfont: Font family 'Helvetica' not found.
findfont: Font family 'Helvetica' not found.
findfont: Font family 'Helvetica' not found.
findfont: Font family 'Helvetica' not found.
findfont: Font family 'Helvetica' not found.
findfont: Font family 'Helvetica' not found.
findfont: Font family 'Helvetica' not found.
findfont: Font family 'Helvetica' not found.
findfont: Font family 'Helvetica' not found.
findfont: Font family 'Helvetica' not found.
findfont: Font family 'Helvetica' not found.
findfont: Font family 'Helvetica' not found.
findfont: Font family 'Helvetica' not found.
findfont: Font family 'Helvetica' not found.
findfont: Font family 'Helvetica' not found.
findfont: Font family 'Helvetica' not found.
findfont: Font family 'Helvetica' not found.
findfont: Font family 'Helvetica' not found.
findfont: Font family 'Helvetica' not found.
findfont: Font family 'Helvetica' not found.
findfont: Font family 'Helvetica' not found.
findfont: Font family 'Helvetica' not found.
findfont: Font family 'Helvetica' not found.
findfont: Font family 'Helvetica' not found.
findfont: Font family 'Helvetica' not found.
findfont: Font family 'Helvetica' not found.
findfont: Font family 'Helvetica' not found.
findfont: Font family 'Helvetica' not found.
findfont: Font family 'Helvetica' not found.
findfont: Font family 'Helvetica' not found.
findfont: Font family 'Helvetica' not found.
findfont: Font family 'Helvetica' not found.
findfont: Font family 'Helvetica' not found.
[4] 指标 -> 归一化空间 R²=0.9654, MSE=3.922e-02
    原始空间 R²=0.9049, RMSE=3.382e-02, MAE=7.379e-03
    高产额区(阈值>2.90e-03) R²=0.8621, RMSE=6.758e-02
[5] 已保存评估图: F:\computer_science\machine_learning_fission_yield\pipeline\output\p2_ft_235UALL_power_delta_np\results\eval_p2_ft_235UALL_power_delta_np_val_held-out.png
[6] 重要区[3096,4127) R²=0.9652, RMSE=3.927e-02, MAE=1.794e-02 (in-sample)；零样本R²=0.8747，微调增益=+0.0904
[7] 零样本预训练基(p2_gef_isomer_delta_np) 评估集R²=0.8962, RMSE=3.534e-02
[8] 已保存评估报告: F:\computer_science\machine_learning_fission_yield\pipeline\output\p2_ft_235UALL_power_delta_np\results\eval_report_p2_ft_235UALL_power_delta_np.json

============================================================
评估完成！摘要信息
============================================================
变体名        : p2_ft_235UALL_power_delta_np
评估集        : val (held-out)
归一化空间 R²  : 0.9654 (MSE=3.922e-02)
原始空间 R²    : 0.9049 (RMSE=3.382e-02, MAE=7.379e-03)
高产额区 R²    : 0.8621 (阈值>2.90e-03)
重要区 R²      : 0.9652 (in-sample)；零样本R²=0.8747, 微调增益=+0.0904
零样本预训练 R²: 0.8962 (对照)
评估图        : F:\computer_science\machine_learning_fission_yield\pipeline\output\p2_ft_235UALL_power_delta_np\results\eval_p2_ft_235UALL_power_delta_np_val_held-out.png
报告          : F:\computer_science\machine_learning_fission_yield\pipeline\output\p2_ft_235UALL_power_delta_np\results\eval_report_p2_ft_235UALL_power_delta_np.json
============================================================
>>> [2026-08-31 04:13:54] STAGE p2_ft-03 03_evaluate.py EXIT=0
>>> [2026-08-31 04:13:54] STAGE p2_ft-04 04_energy_dep.py START
============================================================
裂变产额能量依赖性分析（配置驱动）
============================================================
[1] 加载模型: F:\computer_science\machine_learning_fission_yield\pipeline\output\p2_ft_235UALL_power_delta_np\models\kan_best_p2_ft_235UALL_power_delta_np.pth
    架构: KAN[16, 16] (grid=15, k=3)
    特征: ['Z_norm', 'A_norm', 'E_norm', 'delta_np'], 使用delta_np=True, 目标空间=raw
[2] 加载基准核素表: F:\computer_science\machine_learning_fission_yield\data/235UALL.csv
    核素数: 1032（与外部 04g/04i 的 iloc[:1032] 一致）
C:\Users\86138\.conda\envs\fpy_kan\Lib\site-packages\sklearn\base.py:463: InconsistentVersionWarning: Trying to unpickle estimator MinMaxScaler from version 1.6.1 when using version 1.8.0. This might lead to breaking code or invalid results. Use at your own risk. For more info please refer to:
https://scikit-learn.org/stable/model_persistence.html#security-maintainability-limitations
  warnings.warn(
[3] 物理 Z 范围: [23, 71], A 范围: [66, 172]
[4] 预计算 delta_np（mode=discrete）: 范围 [0.083, 1.919]
C:\Users\86138\.conda\envs\fpy_kan\Lib\site-packages\sklearn\base.py:463: InconsistentVersionWarning: Trying to unpickle estimator MinMaxScaler from version 1.6.1 when using version 1.8.0. This might lead to breaking code or invalid results. Use at your own risk. For more info please refer to:
https://scikit-learn.org/stable/model_persistence.html#security-maintainability-limitations
  warnings.warn(
C:\Users\86138\.conda\envs\fpy_kan\Lib\site-packages\sklearn\utils\validation.py:2691: UserWarning: X does not have valid feature names, but MinMaxScaler was fitted with feature names
  warnings.warn(
[5] 激发能网格: 0~14 MeV, 步长 1.0, 共 15 点
[6] 预测输入构建完成: 15480 行 (1032核素 × 15能量点), 4 维
[7] 预测完成。原始空间产额范围: [0.00e+00, 9.81e-01]
findfont: Font family 'Helvetica' not found.
findfont: Font family 'Helvetica' not found.
findfont: Font family 'Helvetica' not found.
findfont: Font family 'Helvetica' not found.
findfont: Font family 'Helvetica' not found.
findfont: Font family 'Helvetica' not found.
findfont: Font family 'Helvetica' not found.
findfont: Font family 'Helvetica' not found.
findfont: Font family 'Helvetica' not found.
findfont: Font family 'Helvetica' not found.
findfont: Font family 'Helvetica' not found.
findfont: Font family 'Helvetica' not found.
findfont: Font family 'Helvetica' not found.
findfont: Font family 'Helvetica' not found.
findfont: Font family 'Helvetica' not found.
findfont: Font family 'Helvetica' not found.
findfont: Font family 'Helvetica' not found.
findfont: Font family 'Helvetica' not found.
findfont: Font family 'Helvetica' not found.
findfont: Font family 'Helvetica' not found.
findfont: Font family 'Helvetica' not found.
findfont: Font family 'Helvetica' not found.
findfont: Font family 'Helvetica' not found.
findfont: Font family 'Helvetica' not found.
findfont: Font family 'Helvetica' not found.
findfont: Font family 'Helvetica' not found.
findfont: Font family 'Helvetica' not found.
findfont: Font family 'Helvetica' not found.
findfont: Font family 'Helvetica' not found.
findfont: Font family 'Helvetica' not found.
findfont: Font family 'Helvetica' not found.
findfont: Font family 'Helvetica' not found.
findfont: Font family 'Helvetica' not found.
findfont: Font family 'Helvetica' not found.
findfont: Font family 'Helvetica' not found.
findfont: Font family 'Helvetica' not found.
findfont: Font family 'Helvetica' not found.
findfont: Font family 'Helvetica' not found.
findfont: Font family 'Helvetica' not found.
findfont: Font family 'Helvetica' not found.
findfont: Font family 'Helvetica' not found.
findfont: Font family 'Helvetica' not found.
findfont: Font family 'Helvetica' not found.
findfont: Font family 'Helvetica' not found.
findfont: Font family 'Helvetica' not found.
findfont: Font family 'Helvetica' not found.
findfont: Font family 'Helvetica' not found.
findfont: Font family 'Helvetica' not found.
findfont: Font family 'Helvetica' not found.
findfont: Font family 'Helvetica' not found.
findfont: Font family 'Helvetica' not found.
findfont: Font family 'Helvetica' not found.
findfont: Font family 'Helvetica' not found.
findfont: Font family 'Helvetica' not found.
findfont: Font family 'Helvetica' not found.
findfont: Font family 'Helvetica' not found.
findfont: Font family 'Helvetica' not found.
findfont: Font family 'Helvetica' not found.
findfont: Font family 'Helvetica' not found.
findfont: Font family 'Helvetica' not found.
findfont: Font family 'Helvetica' not found.
findfont: Font family 'Helvetica' not found.
findfont: Font family 'Helvetica' not found.
findfont: Font family 'Helvetica' not found.
findfont: Font family 'Helvetica' not found.
findfont: Font family 'Helvetica' not found.
findfont: Font family 'Helvetica' not found.
findfont: Font family 'Helvetica' not found.
findfont: Font family 'Helvetica' not found.
findfont: Font family 'Helvetica' not found.
findfont: Font family 'Helvetica' not found.
findfont: Font family 'Helvetica' not found.
findfont: Font family 'Helvetica' not found.
findfont: Font family 'Helvetica' not found.
findfont: Font family 'Helvetica' not found.
findfont: Font family 'Helvetica' not found.
findfont: Font family 'Helvetica' not found.
findfont: Font family 'Helvetica' not found.
findfont: Font family 'Helvetica' not found.
findfont: Font family 'Helvetica' not found.
findfont: Font family 'Helvetica' not found.
findfont: Font family 'Helvetica' not found.
findfont: Font family 'Helvetica' not found.
findfont: Font family 'Helvetica' not found.
findfont: Font family 'Helvetica' not found.
findfont: Font family 'Helvetica' not found.
findfont: Font family 'Helvetica' not found.
findfont: Font family 'Helvetica' not found.
findfont: Font family 'Helvetica' not found.
findfont: Font family 'Helvetica' not found.
findfont: Font family 'Helvetica' not found.
findfont: Font family 'Helvetica' not found.
findfont: Font family 'Helvetica' not found.
findfont: Font family 'Helvetica' not found.
findfont: Font family 'Helvetica' not found.
findfont: Font family 'Helvetica' not found.
findfont: Font family 'Helvetica' not found.
[9] 已保存图1: F:\computer_science\machine_learning_fission_yield\pipeline\output\p2_ft_235UALL_power_delta_np\results\yield_vs_A_p2_ft_235UALL_power_delta_np.png
findfont: Font family 'Helvetica' not found.
findfont: Font family 'Helvetica' not found.
findfont: Font family 'Helvetica' not found.
findfont: Font family 'Helvetica' not found.
findfont: Font family 'Helvetica' not found.
findfont: Font family 'Helvetica' not found.
findfont: Font family 'Helvetica' not found.
findfont: Font family 'Helvetica' not found.
findfont: Font family 'Helvetica' not found.
findfont: Font family 'Helvetica' not found.
findfont: Font family 'Helvetica' not found.
findfont: Font family 'Helvetica' not found.
findfont: Font family 'Helvetica' not found.
findfont: Font family 'Helvetica' not found.
findfont: Font family 'Helvetica' not found.
findfont: Font family 'Helvetica' not found.
findfont: Font family 'Helvetica' not found.
findfont: Font family 'Helvetica' not found.
findfont: Font family 'Helvetica' not found.
findfont: Font family 'Helvetica' not found.
findfont: Font family 'Helvetica' not found.
findfont: Font family 'Helvetica' not found.
findfont: Font family 'Helvetica' not found.
findfont: Font family 'Helvetica' not found.
findfont: Font family 'Helvetica' not found.
findfont: Font family 'Helvetica' not found.
findfont: Font family 'Helvetica' not found.
findfont: Font family 'Helvetica' not found.
findfont: Font family 'Helvetica' not found.
findfont: Font family 'Helvetica' not found.
findfont: Font family 'Helvetica' not found.
findfont: Font family 'Helvetica' not found.
findfont: Font family 'Helvetica' not found.
findfont: Font family 'Helvetica' not found.
findfont: Font family 'Helvetica' not found.
findfont: Font family 'Helvetica' not found.
findfont: Font family 'Helvetica' not found.
findfont: Font family 'Helvetica' not found.
findfont: Font family 'Helvetica' not found.
findfont: Font family 'Helvetica' not found.
findfont: Font family 'Helvetica' not found.
findfont: Font family 'Helvetica' not found.
findfont: Font family 'Helvetica' not found.
findfont: Font family 'Helvetica' not found.
findfont: Font family 'Helvetica' not found.
findfont: Font family 'Helvetica' not found.
findfont: Font family 'Helvetica' not found.
findfont: Font family 'Helvetica' not found.
findfont: Font family 'Helvetica' not found.
findfont: Font family 'Helvetica' not found.
findfont: Font family 'Helvetica' not found.
findfont: Font family 'Helvetica' not found.
findfont: Font family 'Helvetica' not found.
findfont: Font family 'Helvetica' not found.
findfont: Font family 'Helvetica' not found.
findfont: Font family 'Helvetica' not found.
findfont: Font family 'Helvetica' not found.
findfont: Font family 'Helvetica' not found.
findfont: Font family 'Helvetica' not found.
findfont: Font family 'Helvetica' not found.
findfont: Font family 'Helvetica' not found.
findfont: Font family 'Helvetica' not found.
findfont: Font family 'Helvetica' not found.
findfont: Font family 'Helvetica' not found.
findfont: Font family 'Helvetica' not found.
findfont: Font family 'Helvetica' not found.
findfont: Font family 'Helvetica' not found.
findfont: Font family 'Helvetica' not found.
findfont: Font family 'Helvetica' not found.
findfont: Font family 'Helvetica' not found.
findfont: Font family 'Helvetica' not found.
findfont: Font family 'Helvetica' not found.
findfont: Font family 'Helvetica' not found.
findfont: Font family 'Helvetica' not found.
findfont: Font family 'Helvetica' not found.
findfont: Font family 'Helvetica' not found.
findfont: Font family 'Helvetica' not found.
findfont: Font family 'Helvetica' not found.
findfont: Font family 'Helvetica' not found.
findfont: Font family 'Helvetica' not found.
findfont: Font family 'Helvetica' not found.
findfont: Font family 'Helvetica' not found.
findfont: Font family 'Helvetica' not found.
findfont: Font family 'Helvetica' not found.
findfont: Font family 'Helvetica' not found.
findfont: Font family 'Helvetica' not found.
findfont: Font family 'Helvetica' not found.
findfont: Font family 'Helvetica' not found.
findfont: Font family 'Helvetica' not found.
findfont: Font family 'Helvetica' not found.
findfont: Font family 'Helvetica' not found.
findfont: Font family 'Helvetica' not found.
findfont: Font family 'Helvetica' not found.
    已保存图2: F:\computer_science\machine_learning_fission_yield\pipeline\output\p2_ft_235UALL_power_delta_np\results\yield_vs_Z_p2_ft_235UALL_power_delta_np.png
[10] 已保存逐点预测 CSV: F:\computer_science\machine_learning_fission_yield\pipeline\output\p2_ft_235UALL_power_delta_np\results\energy_dep_p2_ft_235UALL_power_delta_np.csv
     已保存聚合 CSV: F:\computer_science\machine_learning_fission_yield\pipeline\output\p2_ft_235UALL_power_delta_np\results\yield_sum_by_A_p2_ft_235UALL_power_delta_np.csv
     已保存聚合 CSV: F:\computer_science\machine_learning_fission_yield\pipeline\output\p2_ft_235UALL_power_delta_np\results\yield_sum_by_Z_p2_ft_235UALL_power_delta_np.csv

============================================================
能量依赖性分析完成！摘要信息
============================================================
变体名        : p2_ft_235UALL_power_delta_np
模型架构      : KAN[16, 16] (grid=15, k=3)
基准核素表    : F:\computer_science\machine_learning_fission_yield\data/235UALL.csv（1032 唯一核素）
能量网格      : 0~14 MeV，步长 1.0，15 点
目标空间      : raw，使用delta_np=True
预测产额范围  : [0.00e+00, 9.81e-01]
逐点预测 CSV  : F:\computer_science\machine_learning_fission_yield\pipeline\output\p2_ft_235UALL_power_delta_np\results\energy_dep_p2_ft_235UALL_power_delta_np.csv
按A聚合 CSV   : F:\computer_science\machine_learning_fission_yield\pipeline\output\p2_ft_235UALL_power_delta_np\results\yield_sum_by_A_p2_ft_235UALL_power_delta_np.csv
按Z聚合 CSV   : F:\computer_science\machine_learning_fission_yield\pipeline\output\p2_ft_235UALL_power_delta_np\results\yield_sum_by_Z_p2_ft_235UALL_power_delta_np.csv
图1 (vs A)    : F:\computer_science\machine_learning_fission_yield\pipeline\output\p2_ft_235UALL_power_delta_np\results\yield_vs_A_p2_ft_235UALL_power_delta_np.png
图2 (vs Z)    : F:\computer_science\machine_learning_fission_yield\pipeline\output\p2_ft_235UALL_power_delta_np\results\yield_vs_Z_p2_ft_235UALL_power_delta_np.png
完成时间      : 2026-08-31 04:14:04
============================================================
>>> [2026-08-31 04:14:04] STAGE p2_ft-04 04_energy_dep.py EXIT=0
===== [2026-08-31 04:14:05] VARIANT p2_ft DONE =====
