============================================================
KAN 模型训练（配置驱动，支持续训/网格细化/LBFGS）
============================================================
[1] 加载预处理数据: F:\computer_science\machine_learning_fission_yield\pipeline\output\k_gridrefine_lbfgs_delta_np\data\preprocessed_k_gridrefine_lbfgs_delta_np.pkl
    样本数: 18267, 特征维度: 4
    特征: ['Z_norm', 'A_norm', 'E_norm', 'delta_np']
[2] 构建 KAN 模型: width=[[4, 0], [20, 0], [20, 0], [1, 0]] (grid=5, k=4)
    参数量: 9,280, 设备: cpu
C:\Users\86138\AppData\Roaming\Python\Python312\site-packages\torch\optim\lr_scheduler.py:62: UserWarning: The verbose parameter is deprecated. Please use get_last_lr() to access the learning rate.
  warnings.warn(
[3] 优化器: AdamW, 调度器: CosineHoldAtMin, 损失: MSELoss

[4] 开始训练（共 2000 轮，batch=512，早停 patience=400, min_delta=5e-06, monitor=train_loss）；续训关闭；网格细化 [(200, 10), (500, 20)]；LBFGS 收尾 steps=100
    Epoch    1/2000 | loss: 8.6704e-01 | lr: 5.00e-02 | grid: 5 | 早停计数: 0/400
    Epoch   20/2000 | loss: 9.6146e-03 | lr: 4.97e-02 | grid: 5 | 早停计数: 0/400
    Epoch   40/2000 | loss: 8.2178e-03 | lr: 4.88e-02 | grid: 5 | 早停计数: 2/400
    Epoch   60/2000 | loss: 7.9612e-03 | lr: 4.73e-02 | grid: 5 | 早停计数: 5/400
    Epoch   80/2000 | loss: 6.8565e-03 | lr: 4.52e-02 | grid: 5 | 早停计数: 10/400
    Epoch  100/2000 | loss: 6.4055e-03 | lr: 4.27e-02 | grid: 5 | 早停计数: 5/400
    Epoch  120/2000 | loss: 6.0675e-03 | lr: 3.97e-02 | grid: 5 | 早停计数: 25/400
    Epoch  140/2000 | loss: 5.5419e-03 | lr: 3.64e-02 | grid: 5 | 早停计数: 5/400
    Epoch  160/2000 | loss: 5.5187e-03 | lr: 3.27e-02 | grid: 5 | 早停计数: 6/400
    Epoch  180/2000 | loss: 4.7188e-03 | lr: 2.89e-02 | grid: 5 | 早停计数: 13/400
    Epoch  200/2000 | loss: 4.3162e-03 | lr: 2.50e-02 | grid: 5 | 早停计数: 0/400

  [网格细化] epoch 200: grid 5 -> 10（重置 lr 调度器，早停计数清零）
    Epoch  220/2000 | loss: 6.7038e-03 | lr: 4.97e-02 | grid: 10 | 早停计数: 20/400
    Epoch  240/2000 | loss: 5.9102e-03 | lr: 4.88e-02 | grid: 10 | 早停计数: 40/400
    Epoch  260/2000 | loss: 6.0428e-03 | lr: 4.73e-02 | grid: 10 | 早停计数: 60/400
    Epoch  280/2000 | loss: 6.3386e-03 | lr: 4.52e-02 | grid: 10 | 早停计数: 80/400
    Epoch  300/2000 | loss: 4.8555e-03 | lr: 4.27e-02 | grid: 10 | 早停计数: 100/400
    Epoch  320/2000 | loss: 4.9694e-03 | lr: 3.97e-02 | grid: 10 | 早停计数: 120/400
    Epoch  340/2000 | loss: 4.6999e-03 | lr: 3.64e-02 | grid: 10 | 早停计数: 140/400
    Epoch  360/2000 | loss: 4.6472e-03 | lr: 3.27e-02 | grid: 10 | 早停计数: 160/400
    Epoch  380/2000 | loss: 4.1146e-03 | lr: 2.89e-02 | grid: 10 | 早停计数: 12/400
    Epoch  400/2000 | loss: 3.9485e-03 | lr: 2.50e-02 | grid: 10 | 早停计数: 4/400
    Epoch  420/2000 | loss: 3.5529e-03 | lr: 2.11e-02 | grid: 10 | 早停计数: 4/400
    Epoch  440/2000 | loss: 3.1237e-03 | lr: 1.73e-02 | grid: 10 | 早停计数: 4/400
    Epoch  460/2000 | loss: 3.0202e-03 | lr: 1.37e-02 | grid: 10 | 早停计数: 1/400
    Epoch  480/2000 | loss: 2.7257e-03 | lr: 1.03e-02 | grid: 10 | 早停计数: 2/400
    Epoch  500/2000 | loss: 2.4712e-03 | lr: 7.33e-03 | grid: 10 | 早停计数: 0/400

  [网格细化] epoch 500: grid 10 -> 20（重置 lr 调度器，早停计数清零）
    Epoch  520/2000 | loss: 5.8512e-03 | lr: 4.97e-02 | grid: 20 | 早停计数: 20/400
    Epoch  540/2000 | loss: 5.0170e-03 | lr: 4.88e-02 | grid: 20 | 早停计数: 40/400
    Epoch  560/2000 | loss: 4.4862e-03 | lr: 4.73e-02 | grid: 20 | 早停计数: 60/400
    Epoch  580/2000 | loss: 3.9780e-03 | lr: 4.52e-02 | grid: 20 | 早停计数: 80/400
    Epoch  600/2000 | loss: 3.7712e-03 | lr: 4.27e-02 | grid: 20 | 早停计数: 100/400
    Epoch  620/2000 | loss: 3.4686e-03 | lr: 3.97e-02 | grid: 20 | 早停计数: 120/400
    Epoch  640/2000 | loss: 1.7811e-01 | lr: 3.64e-02 | grid: 20 | 早停计数: 140/400
    Epoch  660/2000 | loss: 2.2747e-02 | lr: 3.27e-02 | grid: 20 | 早停计数: 160/400
    Epoch  680/2000 | loss: 1.4269e-02 | lr: 2.89e-02 | grid: 20 | 早停计数: 180/400
    Epoch  700/2000 | loss: 1.1421e-02 | lr: 2.50e-02 | grid: 20 | 早停计数: 200/400
    Epoch  720/2000 | loss: 9.5203e-03 | lr: 2.11e-02 | grid: 20 | 早停计数: 220/400
    Epoch  740/2000 | loss: 8.8865e-03 | lr: 1.73e-02 | grid: 20 | 早停计数: 240/400
    Epoch  760/2000 | loss: 8.3269e-03 | lr: 1.37e-02 | grid: 20 | 早停计数: 260/400
    Epoch  780/2000 | loss: 6.9506e-03 | lr: 1.03e-02 | grid: 20 | 早停计数: 280/400
    Epoch  800/2000 | loss: 5.9758e-03 | lr: 7.33e-03 | grid: 20 | 早停计数: 300/400
    Epoch  820/2000 | loss: 5.4907e-03 | lr: 4.78e-03 | grid: 20 | 早停计数: 320/400
    Epoch  840/2000 | loss: 5.0171e-03 | lr: 2.73e-03 | grid: 20 | 早停计数: 340/400

  [阶段切换] epoch 850 到达 lbfgs.start_epoch=850，准备进入 LBFGS 收尾。

[5] 进入 LBFGS 收尾阶段（grid=20，steps=100）...
    LBFGS step    1/100 | loss: 7.2535e-03
    LBFGS step   20/100 | loss: nan
    LBFGS step   40/100 | loss: nan
    LBFGS step   60/100 | loss: nan
    LBFGS step   80/100 | loss: nan
    LBFGS step  100/100 | loss: nan

    训练完成：最佳损失 2.4712e-03（adam epoch/step 500），用时 12774.5s

============================================================
训练完成！摘要信息
============================================================
变体名    : k_gridrefine_lbfgs_delta_np
最终 grid : 20
最终 loss  : nan
最佳 loss  : 2.4712e-03 (adam epoch/step 500)
best 模型  : F:\computer_science\machine_learning_fission_yield\pipeline\output\k_gridrefine_lbfgs_delta_np\models\kan_best_k_gridrefine_lbfgs_delta_np.pth
latest 模型: F:\computer_science\machine_learning_fission_yield\pipeline\output\k_gridrefine_lbfgs_delta_np\models\kan_latest_k_gridrefine_lbfgs_delta_np.pth
resume 点 : F:\computer_science\machine_learning_fission_yield\pipeline\output\k_gridrefine_lbfgs_delta_np\models\kan_resume_k_gridrefine_lbfgs_delta_np.pth（可设 train.resume=true 续训）
final 模型 : F:\computer_science\machine_learning_fission_yield\pipeline\output\k_gridrefine_lbfgs_delta_np\models\kan_final_k_gridrefine_lbfgs_delta_np.pth
============================================================
