============================================================
KAN 模型训练（配置驱动，支持续训/网格细化/LBFGS）
============================================================
[1] 加载预处理数据: F:\computer_science\machine_learning_fission_yield\pipeline\output\p_gef_isomer_delta_np\data\preprocessed_p_gef_isomer_delta_np.pkl
    样本数: 9333, 特征维度: 4
    特征: ['Z_norm', 'A_norm', 'E_norm', 'delta_np']
[2] 构建 KAN 模型: width=[[4, 0], [16, 0], [16, 0], [1, 0]] (grid=15, k=3)
    参数量: 9,660, 设备: cpu
C:\Users\86138\AppData\Roaming\Python\Python312\site-packages\torch\optim\lr_scheduler.py:62: UserWarning: The verbose parameter is deprecated. Please use get_last_lr() to access the learning rate.
  warnings.warn(
[3] 优化器: AdamW, 调度器: CosineHoldAtMin, 损失: MSELoss

[4] 开始训练（共 5000 轮，batch=512，早停 patience=800, min_delta=5e-06, monitor=train_loss）；续训关闭
    Epoch    1/5000 | loss: 6.6966e-01 | lr: 5.00e-02 | grid: 15 | 早停计数: 0/800
    Epoch   20/5000 | loss: 1.4055e-02 | lr: 4.97e-02 | grid: 15 | 早停计数: 6/800
    Epoch   40/5000 | loss: 8.2177e-03 | lr: 4.88e-02 | grid: 15 | 早停计数: 0/800
    Epoch   60/5000 | loss: 9.6478e-03 | lr: 4.73e-02 | grid: 15 | 早停计数: 2/800
    Epoch   80/5000 | loss: 6.4286e-03 | lr: 4.52e-02 | grid: 15 | 早停计数: 0/800
    Epoch  100/5000 | loss: 7.2187e-03 | lr: 4.27e-02 | grid: 15 | 早停计数: 4/800
    Epoch  120/5000 | loss: 6.6491e-03 | lr: 3.97e-02 | grid: 15 | 早停计数: 9/800
    Epoch  140/5000 | loss: 5.7922e-03 | lr: 3.64e-02 | grid: 15 | 早停计数: 2/800
    Epoch  160/5000 | loss: 5.0602e-03 | lr: 3.27e-02 | grid: 15 | 早停计数: 2/800
    Epoch  180/5000 | loss: 4.7934e-03 | lr: 2.89e-02 | grid: 15 | 早停计数: 4/800
    Epoch  200/5000 | loss: 3.9450e-03 | lr: 2.50e-02 | grid: 15 | 早停计数: 7/800
    Epoch  220/5000 | loss: 3.3168e-03 | lr: 2.11e-02 | grid: 15 | 早停计数: 6/800
    Epoch  240/5000 | loss: 2.7887e-03 | lr: 1.73e-02 | grid: 15 | 早停计数: 5/800
    Epoch  260/5000 | loss: 2.4522e-03 | lr: 1.37e-02 | grid: 15 | 早停计数: 1/800
    Epoch  280/5000 | loss: 1.9270e-03 | lr: 1.03e-02 | grid: 15 | 早停计数: 2/800
    Epoch  300/5000 | loss: 1.6565e-03 | lr: 7.33e-03 | grid: 15 | 早停计数: 1/800
    Epoch  320/5000 | loss: 1.2901e-03 | lr: 4.78e-03 | grid: 15 | 早停计数: 1/800
    Epoch  340/5000 | loss: 9.8016e-04 | lr: 2.73e-03 | grid: 15 | 早停计数: 1/800
    Epoch  360/5000 | loss: 7.9669e-04 | lr: 1.23e-03 | grid: 15 | 早停计数: 1/800
    Epoch  380/5000 | loss: 6.9899e-04 | lr: 3.18e-04 | grid: 15 | 早停计数: 4/800
    Epoch  400/5000 | loss: 6.5220e-04 | lr: 1.00e-05 | grid: 15 | 早停计数: 0/800
    Epoch  420/5000 | loss: 6.6975e-04 | lr: 1.00e-05 | grid: 15 | 早停计数: 20/800
    Epoch  440/5000 | loss: 6.5386e-04 | lr: 1.00e-05 | grid: 15 | 早停计数: 5/800
    Epoch  460/5000 | loss: 6.5049e-04 | lr: 1.00e-05 | grid: 15 | 早停计数: 25/800
    Epoch  480/5000 | loss: 6.4925e-04 | lr: 1.00e-05 | grid: 15 | 早停计数: 45/800
    Epoch  500/5000 | loss: 6.6696e-04 | lr: 1.00e-05 | grid: 15 | 早停计数: 65/800
    Epoch  520/5000 | loss: 6.5399e-04 | lr: 1.00e-05 | grid: 15 | 早停计数: 85/800
    Epoch  540/5000 | loss: 6.5624e-04 | lr: 1.00e-05 | grid: 15 | 早停计数: 105/800
    Epoch  560/5000 | loss: 6.5130e-04 | lr: 1.00e-05 | grid: 15 | 早停计数: 125/800
    Epoch  580/5000 | loss: 6.4722e-04 | lr: 1.00e-05 | grid: 15 | 早停计数: 145/800
    Epoch  600/5000 | loss: 6.5401e-04 | lr: 1.00e-05 | grid: 15 | 早停计数: 165/800
    Epoch  620/5000 | loss: 6.6340e-04 | lr: 1.00e-05 | grid: 15 | 早停计数: 185/800
    Epoch  640/5000 | loss: 6.5404e-04 | lr: 1.00e-05 | grid: 15 | 早停计数: 205/800
    Epoch  660/5000 | loss: 6.5477e-04 | lr: 1.00e-05 | grid: 15 | 早停计数: 225/800
    Epoch  680/5000 | loss: 6.5328e-04 | lr: 1.00e-05 | grid: 15 | 早停计数: 245/800
    Epoch  700/5000 | loss: 6.6078e-04 | lr: 1.00e-05 | grid: 15 | 早停计数: 5/800
    Epoch  720/5000 | loss: 6.5091e-04 | lr: 1.00e-05 | grid: 15 | 早停计数: 25/800
    Epoch  740/5000 | loss: 6.5003e-04 | lr: 1.00e-05 | grid: 15 | 早停计数: 45/800
    Epoch  760/5000 | loss: 6.4898e-04 | lr: 1.00e-05 | grid: 15 | 早停计数: 65/800
    Epoch  780/5000 | loss: 6.4933e-04 | lr: 1.00e-05 | grid: 15 | 早停计数: 85/800
    Epoch  800/5000 | loss: 6.4253e-04 | lr: 1.00e-05 | grid: 15 | 早停计数: 105/800
    Epoch  820/5000 | loss: 6.5865e-04 | lr: 1.00e-05 | grid: 15 | 早停计数: 125/800
    Epoch  840/5000 | loss: 6.4180e-04 | lr: 1.00e-05 | grid: 15 | 早停计数: 11/800
    Epoch  860/5000 | loss: 6.3871e-04 | lr: 1.00e-05 | grid: 15 | 早停计数: 31/800
    Epoch  880/5000 | loss: 6.4433e-04 | lr: 1.00e-05 | grid: 15 | 早停计数: 51/800
    Epoch  900/5000 | loss: 6.4299e-04 | lr: 1.00e-05 | grid: 15 | 早停计数: 71/800
    Epoch  920/5000 | loss: 6.3987e-04 | lr: 1.00e-05 | grid: 15 | 早停计数: 91/800
    Epoch  940/5000 | loss: 6.4762e-04 | lr: 1.00e-05 | grid: 15 | 早停计数: 111/800
    Epoch  960/5000 | loss: 6.4856e-04 | lr: 1.00e-05 | grid: 15 | 早停计数: 131/800
    Epoch  980/5000 | loss: 6.4775e-04 | lr: 1.00e-05 | grid: 15 | 早停计数: 151/800
    Epoch 1000/5000 | loss: 6.3867e-04 | lr: 1.00e-05 | grid: 15 | 早停计数: 171/800
    Epoch 1020/5000 | loss: 6.3325e-04 | lr: 1.00e-05 | grid: 15 | 早停计数: 191/800
    Epoch 1040/5000 | loss: 6.4448e-04 | lr: 1.00e-05 | grid: 15 | 早停计数: 211/800
    Epoch 1060/5000 | loss: 6.4897e-04 | lr: 1.00e-05 | grid: 15 | 早停计数: 231/800
    Epoch 1080/5000 | loss: 6.5015e-04 | lr: 1.00e-05 | grid: 15 | 早停计数: 251/800
    Epoch 1100/5000 | loss: 6.6295e-04 | lr: 1.00e-05 | grid: 15 | 早停计数: 271/800
    Epoch 1120/5000 | loss: 6.3882e-04 | lr: 1.00e-05 | grid: 15 | 早停计数: 291/800
    Epoch 1140/5000 | loss: 6.3947e-04 | lr: 1.00e-05 | grid: 15 | 早停计数: 311/800
    Epoch 1160/5000 | loss: 6.4351e-04 | lr: 1.00e-05 | grid: 15 | 早停计数: 2/800
    Epoch 1180/5000 | loss: 6.3072e-04 | lr: 1.00e-05 | grid: 15 | 早停计数: 22/800
    Epoch 1200/5000 | loss: 6.3646e-04 | lr: 1.00e-05 | grid: 15 | 早停计数: 12/800
    Epoch 1220/5000 | loss: 6.3425e-04 | lr: 1.00e-05 | grid: 15 | 早停计数: 32/800
    Epoch 1240/5000 | loss: 6.3372e-04 | lr: 1.00e-05 | grid: 15 | 早停计数: 52/800
    Epoch 1260/5000 | loss: 6.2757e-04 | lr: 1.00e-05 | grid: 15 | 早停计数: 72/800
    Epoch 1280/5000 | loss: 6.3889e-04 | lr: 1.00e-05 | grid: 15 | 早停计数: 92/800
    Epoch 1300/5000 | loss: 6.5570e-04 | lr: 1.00e-05 | grid: 15 | 早停计数: 112/800
    Epoch 1320/5000 | loss: 6.3841e-04 | lr: 1.00e-05 | grid: 15 | 早停计数: 132/800
    Epoch 1340/5000 | loss: 6.2747e-04 | lr: 1.00e-05 | grid: 15 | 早停计数: 152/800
    Epoch 1360/5000 | loss: 6.2254e-04 | lr: 1.00e-05 | grid: 15 | 早停计数: 172/800
    Epoch 1380/5000 | loss: 6.4027e-04 | lr: 1.00e-05 | grid: 15 | 早停计数: 192/800
    Epoch 1400/5000 | loss: 6.3855e-04 | lr: 1.00e-05 | grid: 15 | 早停计数: 212/800
    Epoch 1420/5000 | loss: 6.4169e-04 | lr: 1.00e-05 | grid: 15 | 早停计数: 232/800
    Epoch 1440/5000 | loss: 6.4678e-04 | lr: 1.00e-05 | grid: 15 | 早停计数: 252/800
    Epoch 1460/5000 | loss: 6.3321e-04 | lr: 1.00e-05 | grid: 15 | 早停计数: 272/800
    Epoch 1480/5000 | loss: 6.2884e-04 | lr: 1.00e-05 | grid: 15 | 早停计数: 292/800
    Epoch 1500/5000 | loss: 6.3141e-04 | lr: 1.00e-05 | grid: 15 | 早停计数: 312/800
    Epoch 1520/5000 | loss: 6.2410e-04 | lr: 1.00e-05 | grid: 15 | 早停计数: 332/800
    Epoch 1540/5000 | loss: 6.3865e-04 | lr: 1.00e-05 | grid: 15 | 早停计数: 352/800
    Epoch 1560/5000 | loss: 6.2205e-04 | lr: 1.00e-05 | grid: 15 | 早停计数: 372/800
    Epoch 1580/5000 | loss: 6.2790e-04 | lr: 1.00e-05 | grid: 15 | 早停计数: 392/800
    Epoch 1600/5000 | loss: 6.1492e-04 | lr: 1.00e-05 | grid: 15 | 早停计数: 19/800
    Epoch 1620/5000 | loss: 6.2109e-04 | lr: 1.00e-05 | grid: 15 | 早停计数: 39/800
    Epoch 1640/5000 | loss: 6.1845e-04 | lr: 1.00e-05 | grid: 15 | 早停计数: 59/800
    Epoch 1660/5000 | loss: 6.2485e-04 | lr: 1.00e-05 | grid: 15 | 早停计数: 79/800
    Epoch 1680/5000 | loss: 6.2255e-04 | lr: 1.00e-05 | grid: 15 | 早停计数: 99/800
    Epoch 1700/5000 | loss: 6.3386e-04 | lr: 1.00e-05 | grid: 15 | 早停计数: 119/800
    Epoch 1720/5000 | loss: 6.1886e-04 | lr: 1.00e-05 | grid: 15 | 早停计数: 139/800
    Epoch 1740/5000 | loss: 6.2314e-04 | lr: 1.00e-05 | grid: 15 | 早停计数: 159/800
    Epoch 1760/5000 | loss: 6.1312e-04 | lr: 1.00e-05 | grid: 15 | 早停计数: 179/800
    Epoch 1780/5000 | loss: 6.2047e-04 | lr: 1.00e-05 | grid: 15 | 早停计数: 199/800
    Epoch 1800/5000 | loss: 6.3394e-04 | lr: 1.00e-05 | grid: 15 | 早停计数: 219/800
    Epoch 1820/5000 | loss: 6.1550e-04 | lr: 1.00e-05 | grid: 15 | 早停计数: 239/800
    Epoch 1840/5000 | loss: 6.1994e-04 | lr: 1.00e-05 | grid: 15 | 早停计数: 8/800
    Epoch 1860/5000 | loss: 6.1592e-04 | lr: 1.00e-05 | grid: 15 | 早停计数: 28/800
    Epoch 1880/5000 | loss: 6.2713e-04 | lr: 1.00e-05 | grid: 15 | 早停计数: 48/800
    Epoch 1900/5000 | loss: 6.1345e-04 | lr: 1.00e-05 | grid: 15 | 早停计数: 68/800
    Epoch 1920/5000 | loss: 6.2026e-04 | lr: 1.00e-05 | grid: 15 | 早停计数: 88/800
    Epoch 1940/5000 | loss: 6.1104e-04 | lr: 1.00e-05 | grid: 15 | 早停计数: 108/800
    Epoch 1960/5000 | loss: 6.1394e-04 | lr: 1.00e-05 | grid: 15 | 早停计数: 128/800
    Epoch 1980/5000 | loss: 6.1141e-04 | lr: 1.00e-05 | grid: 15 | 早停计数: 148/800
    Epoch 2000/5000 | loss: 6.1261e-04 | lr: 1.00e-05 | grid: 15 | 早停计数: 16/800
